interactions:
- request:
    body: '{"config":{"assertions":[{"operator":"is","property":"{{ PROPERTY }}","target":"text/html","type":"header"},{"operator":"lessThan","target":2000,"type":"responseTime"},{"operator":"validatesJSONPath","target":{"jsonPath":"topKey","operator":"isNot","targetValue":"0"},"type":"body"}],"configVariables":[{"example":"content-type","name":"PROPERTY","pattern":"content-type","type":"text"}],"request":{"certificate":{"cert":{"content":"cert-content","filename":"cert-filename","updatedAt":"2020-10-16T09:23:24.857Z"},"key":{"content":"key-content","filename":"key-filename","updatedAt":"2020-10-16T09:23:24.857Z"}},"headers":{"unique":"testeditanapitestreturnsokresponse1633076916"},"method":"GET","timeout":10,"url":"https://datadoghq.com"}},"locations":["aws:us-east-2"],"message":"BDD
      test payload: synthetics_api_test_payload.json","name":"Test-Edit_an_API_test_returns_OK_response-1633076916","options":{"accept_self_signed":false,"allow_insecure":true,"follow_redirects":true,"min_failure_duration":10,"min_location_failed":1,"monitor_name":"Test-Edit_an_API_test_returns_OK_response-1633076916","monitor_priority":5,"retry":{"count":3,"interval":10},"tick_every":60},"subtype":"http","tags":["testing:api"],"type":"api"}'
    headers:
      accept:
      - application/json, */*;q=0.8
      connection:
      - close
      content-length:
      - '1224'
      content-type:
      - application/json
      host:
      - api.datadoghq.com
      user-agent:
      - datadog-api-client-typescript/1.0.0-beta.5 (node 14.18.0; os Linux; arch x64)
      x-datadog-parent-id:
      - '8575557678242482695'
      x-datadog-trace-id:
      - '6843855973423007751'
    method: POST
    uri: https://api.datadoghq.com/api/v1/synthetics/tests/api
  response:
    body:
      string: '{"status":"live","public_id":"ct9-qdz-j24","tags":["testing:api"],"org_id":321813,"locations":["aws:us-east-2"],"message":"BDD
        test payload: synthetics_api_test_payload.json","deleted_at":null,"name":"Test-Edit_an_API_test_returns_OK_response-1633076916","monitor_id":48060236,"type":"api","created_at":"2021-10-01T10:29:59.568988+00:00","modified_at":"2021-10-01T10:29:59.568988+00:00","subtype":"http","config":{"request":{"url":"https://datadoghq.com","headers":{"unique":"testeditanapitestreturnsokresponse1633076916"},"certificate":{"cert":{"filename":"cert-filename","updatedAt":"2020-10-16T09:23:24.857Z"},"key":{"filename":"key-filename","updatedAt":"2020-10-16T09:23:24.857Z"}},"method":"GET","timeout":10},"assertions":[{"operator":"is","property":"{{
        PROPERTY }}","type":"header","target":"text/html"},{"operator":"lessThan","type":"responseTime","target":2000},{"operator":"validatesJSONPath","type":"body","target":{"operator":"isNot","targetValue":"0","jsonPath":"topKey"}}],"configVariables":[{"pattern":"content-type","type":"text","example":"content-type","name":"PROPERTY"}]},"options":{"accept_self_signed":false,"retry":{"count":3,"interval":10},"min_location_failed":1,"allow_insecure":true,"follow_redirects":true,"min_failure_duration":10,"monitor_priority":5,"monitor_name":"Test-Edit_an_API_test_returns_OK_response-1633076916","tick_every":60}}'
    headers:
      cache-control:
      - no-cache
      connection:
      - close
      content-length:
      - '1370'
      content-security-policy:
      - frame-ancestors 'self'; report-uri https://api.datadoghq.com/csp-report
      content-type:
      - application/json
      date:
      - Fri, 01 Oct 2021 10:29:59 GMT
      pragma:
      - no-cache
      strict-transport-security:
      - max-age=15724800;
      vary:
      - Accept-Encoding
      x-content-type-options:
      - nosniff
      x-frame-options:
      - SAMEORIGIN
      x-ratelimit-limit:
      - '12000'
      x-ratelimit-period:
      - '60'
      x-ratelimit-remaining:
      - '11998'
      x-ratelimit-reset:
      - '1'
    status:
      code: 200
      message: OK
- request:
    body: '{"config":{"assertions":[{"operator":"is","property":"{{ PROPERTY }}","target":"text/html","type":"header"},{"operator":"lessThan","target":2000,"type":"responseTime"},{"operator":"validatesJSONPath","target":{"jsonPath":"topKey","operator":"isNot","targetValue":"0"},"type":"body"}],"configVariables":[{"example":"content-type","name":"PROPERTY","pattern":"content-type","type":"text"}],"request":{"certificate":{"cert":{"filename":"cert-filename","updatedAt":"2020-10-16T09:23:24.857Z"},"key":{"filename":"key-filename","updatedAt":"2020-10-16T09:23:24.857Z"}},"headers":{"unique":"testeditanapitestreturnsokresponse1633076916"},"method":"GET","timeout":10,"url":"https://datadoghq.com"}},"locations":["aws:us-east-2"],"message":"BDD
      test payload: synthetics_api_test_payload.json","name":"Test-Edit_an_API_test_returns_OK_response-1633076916-updated","options":{"accept_self_signed":false,"allow_insecure":true,"follow_redirects":true,"min_failure_duration":10,"min_location_failed":1,"monitor_name":"Test-TestSyntheticsAPITestLifecycle-1623076664","monitor_priority":5,"retry":{"count":3,"interval":10},"tick_every":60},"status":"live","subtype":"http","tags":["testing:api"],"type":"api"}'
    headers:
      accept:
      - application/json, */*;q=0.8
      connection:
      - close
      content-length:
      - '1193'
      content-type:
      - application/json
      host:
      - api.datadoghq.com
      user-agent:
      - datadog-api-client-typescript/1.0.0-beta.5 (node 14.18.0; os Linux; arch x64)
      x-datadog-parent-id:
      - '6629627747774190037'
      x-datadog-trace-id:
      - '6843855973423007751'
    method: PUT
    uri: https://api.datadoghq.com/api/v1/synthetics/tests/api/ct9-qdz-j24
  response:
    body:
      string: '{"status":"live","public_id":"ct9-qdz-j24","tags":["testing:api"],"org_id":321813,"locations":["aws:us-east-2"],"message":"BDD
        test payload: synthetics_api_test_payload.json","deleted_at":null,"name":"Test-Edit_an_API_test_returns_OK_response-1633076916-updated","monitor_id":48060236,"type":"api","created_at":"2021-10-01T10:29:59.568988+00:00","modified_at":"2021-10-01T10:29:59.780850+00:00","subtype":"http","config":{"request":{"url":"https://datadoghq.com","headers":{"unique":"testeditanapitestreturnsokresponse1633076916"},"certificate":{"cert":{"updatedAt":"2020-10-16T09:23:24.857Z","filename":"cert-filename"},"key":{"updatedAt":"2020-10-16T09:23:24.857Z","filename":"key-filename"}},"method":"GET","timeout":10},"assertions":[{"operator":"is","property":"{{
        PROPERTY }}","type":"header","target":"text/html"},{"operator":"lessThan","type":"responseTime","target":2000},{"operator":"validatesJSONPath","type":"body","target":{"operator":"isNot","targetValue":"0","jsonPath":"topKey"}}],"configVariables":[{"pattern":"content-type","type":"text","example":"content-type","name":"PROPERTY"}]},"options":{"accept_self_signed":false,"retry":{"count":3,"interval":10},"min_location_failed":1,"allow_insecure":true,"follow_redirects":true,"min_failure_duration":10,"monitor_priority":5,"monitor_name":"Test-TestSyntheticsAPITestLifecycle-1623076664","tick_every":60}}'
    headers:
      cache-control:
      - no-cache
      connection:
      - close
      content-length:
      - '1372'
      content-security-policy:
      - frame-ancestors 'self'; report-uri https://api.datadoghq.com/csp-report
      content-type:
      - application/json
      date:
      - Fri, 01 Oct 2021 10:29:59 GMT
      pragma:
      - no-cache
      strict-transport-security:
      - max-age=15724800;
      vary:
      - Accept-Encoding
      x-content-type-options:
      - nosniff
      x-frame-options:
      - SAMEORIGIN
      x-ratelimit-limit:
      - '500'
      x-ratelimit-period:
      - '60'
      x-ratelimit-remaining:
      - '499'
      x-ratelimit-reset:
      - '1'
    status:
      code: 200
      message: OK
- request:
    body: '{"public_ids":["ct9-qdz-j24"]}'
    headers:
      accept:
      - application/json, */*;q=0.8
      connection:
      - close
      content-length:
      - '30'
      content-type:
      - application/json
      host:
      - api.datadoghq.com
      user-agent:
      - datadog-api-client-typescript/1.0.0-beta.5 (node 14.18.0; os Linux; arch x64)
      x-datadog-parent-id:
      - '7971161342364725160'
      x-datadog-trace-id:
      - '6843855973423007751'
    method: POST
    uri: https://api.datadoghq.com/api/v1/synthetics/tests/delete
  response:
    body:
      string: '{"deleted_tests":[{"deleted_at":"2021-10-01T10:29:59.939349+00:00","public_id":"ct9-qdz-j24"}]}'
    headers:
      cache-control:
      - no-cache
      connection:
      - close
      content-length:
      - '95'
      content-security-policy:
      - frame-ancestors 'self'; report-uri https://api.datadoghq.com/csp-report
      content-type:
      - application/json
      date:
      - Fri, 01 Oct 2021 10:30:00 GMT
      pragma:
      - no-cache
      strict-transport-security:
      - max-age=15724800;
      vary:
      - Accept-Encoding
      x-content-type-options:
      - nosniff
      x-frame-options:
      - SAMEORIGIN
      x-ratelimit-limit:
      - '12000'
      x-ratelimit-period:
      - '60'
      x-ratelimit-remaining:
      - '11998'
      x-ratelimit-reset:
      - '1'
    status:
      code: 200
      message: OK
version: 1
