interactions:
- request:
    body: '{"name":"Test-Update_an_SLO_returns_Bad_Request_response-1641430272","query":{"denominator":"sum:httpservice.hits{!code:3xx}.as_count()","numerator":"sum:httpservice.hits{code:2xx}.as_count()"},"thresholds":[{"target":95,"timeframe":"7d","warning":98}],"type":"metric"}'
    headers:
      accept:
      - application/json
      content-type:
      - application/json
    method: POST
    uri: https://api.datadoghq.com/api/v1/slo
  response:
    body:
      string: '{"data":[{"description":"","monitor_tags":[],"creator":{"handle":"frog@datadoghq.com","name":null,"email":"frog@datadoghq.com"},"thresholds":[{"warning":98,"warning_display":"98.","target":95,"target_display":"95.","timeframe":"7d"}],"type_id":1,"query":{"denominator":"sum:httpservice.hits{!code:3xx}.as_count()","numerator":"sum:httpservice.hits{code:2xx}.as_count()"},"id":"f21337f0ea7059f986448228aaa11f09","name":"Test-Update_an_SLO_returns_Bad_Request_response-1641430272","created_at":1641430273,"tags":[],"modified_at":1641430273,"type":"metric"}],"error":null}'
    headers:
      content-type:
      - application/json
    status:
      code: 200
      message: OK
- request:
    body: '{"name":"Test-Update_an_SLO_returns_Bad_Request_response-1641430272","thresholds":[{"target":95,"target_display":"95.0","timeframe":"7d","warning":98,"warning_display":"98.0"}],"type":"monitor"}'
    headers:
      accept:
      - application/json
      content-type:
      - application/json
    method: PUT
    uri: https://api.datadoghq.com/api/v1/slo/f21337f0ea7059f986448228aaa11f09
  response:
    body:
      string: '{"errors":["Invalid payload: must specify the query for count types"]}'
    headers:
      content-type:
      - application/json
    status:
      code: 400
      message: Bad Request
- request:
    body: null
    headers:
      accept:
      - application/json
    method: DELETE
    uri: https://api.datadoghq.com/api/v1/slo/f21337f0ea7059f986448228aaa11f09
  response:
    body:
      string: '{"data":["f21337f0ea7059f986448228aaa11f09"],"error":null}'
    headers:
      content-type:
      - application/json
    status:
      code: 200
      message: OK
version: 1
