interactions:
- request:
    body: '{"app_service_plan_filters":"key:value,filter:example","automute":true,"client_id":"17091519-0000-0000-0000-170915196000","client_secret":"testingx./Sw*g/Y33t..R1cH+hScMDt","container_app_filters":"key:value,filter:example","cspm_enabled":true,"custom_metrics_enabled":true,"errors":["*"],"host_filters":"key:value,filter:example","new_client_id":"17091519-0000-0000-0000-170915196000","new_tenant_name":"17091519-0000-0000-0000-170915196000","resource_collection_enabled":true,"tenant_name":"17091519-0000-0000-0000-170915196000"}'
    headers:
      accept:
      - application/json
      content-type:
      - application/json
    method: POST
    uri: https://api.datadoghq.com/api/v1/integration/azure
  response:
    body:
      string: '{}

        '
    headers:
      content-type:
      - application/json
    status:
      code: 200
      message: OK
- request:
    body: '{"app_service_plan_filters":"key:value,filter:example","automute":true,"client_id":"17091519-0000-0000-0000-170915196000","client_secret":"testingx./Sw*g/Y33t..R1cH+hScMDt","container_app_filters":"key:value,filter:example","cspm_enabled":true,"custom_metrics_enabled":true,"errors":["*"],"host_filters":"key:value,filter:example","new_client_id":"17091519-0000-0000-0000-170915196000","new_tenant_name":"17091519-0000-0000-0000-170915196000","resource_collection_enabled":true,"tenant_name":"17091519-0000-0000-0000-170915196000"}'
    headers:
      accept:
      - application/json
      content-type:
      - application/json
    method: PUT
    uri: https://api.datadoghq.com/api/v1/integration/azure
  response:
    body:
      string: '{}

        '
    headers:
      content-type:
      - application/json
    status:
      code: 200
      message: OK
- request:
    body: '{"client_id":"17091519-0000-0000-0000-170915196000","tenant_name":"17091519-0000-0000-0000-170915196000"}'
    headers:
      accept:
      - application/json
      content-type:
      - application/json
    method: DELETE
    uri: https://api.datadoghq.com/api/v1/integration/azure
  response:
    body:
      string: '{}

        '
    headers:
      content-type:
      - application/json
    status:
      code: 200
      message: OK
version: 1
