interactions:
- request:
    body: '{"name":"Test-Delete_an_SLO_returns_OK_response-1704322486","query":{"denominator":"sum:httpservice.hits{!code:3xx}.as_count()","numerator":"sum:httpservice.hits{code:2xx}.as_count()"},"thresholds":[{"target":95,"timeframe":"7d","warning":98}],"type":"metric"}'
    headers:
      accept:
      - application/json
      content-type:
      - application/json
    method: POST
    uri: https://api.datadoghq.com/api/v1/slo
  response:
    body:
      string: '{"data":[{"id":"6065f42541b856f3abaf255e6a61de79","name":"Test-Delete_an_SLO_returns_OK_response-1704322486","tags":[],"monitor_tags":[],"thresholds":[{"timeframe":"7d","target":95.0,"target_display":"95.","warning":98.0,"warning_display":"98."}],"type":"metric","type_id":1,"description":"","timeframe":"7d","warning_threshold":98,"target_threshold":95,"query":{"denominator":"sum:httpservice.hits{!code:3xx}.as_count()","numerator":"sum:httpservice.hits{code:2xx}.as_count()"},"creator":{"name":null,"handle":"frog@datadoghq.com","email":"frog@datadoghq.com"},"created_at":1704322486,"modified_at":1704322486}],"error":null}

        '
    headers:
      content-type:
      - application/json
    status:
      code: 200
      message: OK
- request:
    body: null
    headers:
      accept:
      - application/json
    method: DELETE
    uri: https://api.datadoghq.com/api/v1/slo/6065f42541b856f3abaf255e6a61de79
  response:
    body:
      string: '{"data":["6065f42541b856f3abaf255e6a61de79"],"error":null}

        '
    headers:
      content-type:
      - application/json
    status:
      code: 200
      message: OK
- request:
    body: null
    headers:
      accept:
      - application/json
    method: DELETE
    uri: https://api.datadoghq.com/api/v1/slo/6065f42541b856f3abaf255e6a61de79
  response:
    body:
      string: '{"errors":["SLO not found: 6065f42541b856f3abaf255e6a61de79 not found"]}'
    headers:
      content-type:
      - application/json
    status:
      code: 404
      message: Not Found
version: 1
