interactions:
- request:
    body: '{"type":"metric","name":"Test-Create_an_SLO_correction_with_rrule_returns_OK_response-1639743385","thresholds":[{"timeframe":"7d","target":95,"warning":98}],"query":{"numerator":"sum:httpservice.hits{code:2xx}.as_count()","denominator":"sum:httpservice.hits{!code:3xx}.as_count()"}}'
    headers:
      accept:
      - '*/*'
      connection:
      - close
      content-length:
      - '282'
      content-type:
      - application/json
      host:
      - api.datadoghq.com
      user-agent:
      - datadog-api-spec/scripts/bdd-runner
      x-datadog-parent-id:
      - '3729009635577237746'
      x-datadog-trace-id:
      - '8219685026969935586'
    method: POST
    uri: https://api.datadoghq.com/api/v1/slo
  response:
    body:
      string: '{"data":[{"description":"","monitor_tags":[],"creator":{"handle":"frog@datadoghq.com","name":null,"email":"frog@datadoghq.com"},"thresholds":[{"warning":98.0,"warning_display":"98.","target":95.0,"target_display":"95.","timeframe":"7d"}],"type_id":1,"query":{"denominator":"sum:httpservice.hits{!code:3xx}.as_count()","numerator":"sum:httpservice.hits{code:2xx}.as_count()"},"id":"46be908d1c20577181e3813c64b21f8b","name":"Test-Create_an_SLO_correction_with_rrule_returns_OK_response-1639743385","created_at":1639743385,"tags":[],"modified_at":1639743385,"type":"metric"}],"error":null}'
    headers:
      cache-control:
      - no-cache
      connection:
      - close
      content-length:
      - '586'
      content-security-policy:
      - frame-ancestors 'self'; report-uri https://api.datadoghq.com/csp-report
      content-type:
      - application/json
      date:
      - Fri, 17 Dec 2021 12:16:25 GMT
      pragma:
      - no-cache
      strict-transport-security:
      - max-age=15724800;
      vary:
      - Accept-Encoding
      x-content-type-options:
      - nosniff
      x-frame-options:
      - SAMEORIGIN
      x-ratelimit-limit:
      - '500'
      x-ratelimit-period:
      - '60'
      x-ratelimit-remaining:
      - '491'
      x-ratelimit-reset:
      - '35'
    status:
      code: 200
      message: OK
- request:
    body: '{"data":{"attributes":{"category":"Scheduled Maintenance","description":"Test-Create_an_SLO_correction_with_rrule_returns_OK_response-1639743385","slo_id":"46be908d1c20577181e3813c64b21f8b","start":1639743385,"duration":3600,"rrule":"FREQ=DAILY;INTERVAL=10;COUNT=5","timezone":"UTC"},"type":"correction"}}'
    headers:
      accept:
      - '*/*'
      connection:
      - close
      content-length:
      - '305'
      content-type:
      - application/json
      host:
      - api.datadoghq.com
      user-agent:
      - datadog-api-spec/scripts/bdd-runner
      x-datadog-parent-id:
      - '3632968826683753223'
      x-datadog-trace-id:
      - '8219685026969935586'
    method: POST
    uri: https://api.datadoghq.com/api/v1/slo/correction
  response:
    body:
      string: '{"data":{"type":"correction","id":"27b98c58-5f33-11ec-ae1f-da7ad0900002","attributes":{"slo_id":"46be908d1c20577181e3813c64b21f8b","start":1639743385,"end":null,"description":"Test-Create_an_SLO_correction_with_rrule_returns_OK_response-1639743385","category":"Scheduled
        Maintenance","timezone":"UTC","created_at":null,"modified_at":null,"rrule":"FREQ=DAILY;INTERVAL=10;COUNT=5","duration":3600,"creator":{"data":{"type":"users","id":"3ad549bf-eba0-11e9-a77a-0705486660d0","attributes":{"uuid":"3ad549bf-eba0-11e9-a77a-0705486660d0","handle":"frog@datadoghq.com","email":"frog@datadoghq.com","name":null,"icon":"https://secure.gravatar.com/avatar/28a16dfe36e73b60c1d55872cb0f1172?s=48&d=retro"}}},"modifier":null}}}'
    headers:
      cache-control:
      - no-cache
      connection:
      - close
      content-length:
      - '715'
      content-security-policy:
      - frame-ancestors 'self'; report-uri https://api.datadoghq.com/csp-report
      content-type:
      - application/json
      date:
      - Fri, 17 Dec 2021 12:16:25 GMT
      pragma:
      - no-cache
      strict-transport-security:
      - max-age=15724800;
      vary:
      - Accept-Encoding
      x-content-type-options:
      - nosniff
      x-frame-options:
      - SAMEORIGIN
      x-ratelimit-limit:
      - '12000'
      x-ratelimit-period:
      - '60'
      x-ratelimit-remaining:
      - '11995'
      x-ratelimit-reset:
      - '35'
    status:
      code: 200
      message: OK
- request:
    body: null
    headers:
      accept:
      - '*/*'
      connection:
      - close
      host:
      - api.datadoghq.com
      user-agent:
      - datadog-api-spec/scripts/bdd-runner
      x-datadog-parent-id:
      - '4668718253924653912'
      x-datadog-trace-id:
      - '8219685026969935586'
    method: DELETE
    uri: https://api.datadoghq.com/api/v1/slo/correction/27b98c58-5f33-11ec-ae1f-da7ad0900002
  response:
    body:
      string: ''
    headers:
      cache-control:
      - no-cache
      connection:
      - close
      content-security-policy:
      - frame-ancestors 'self'; report-uri https://api.datadoghq.com/csp-report
      date:
      - Fri, 17 Dec 2021 12:16:25 GMT
      pragma:
      - no-cache
      strict-transport-security:
      - max-age=15724800;
      vary:
      - Accept-Encoding
      x-content-type-options:
      - nosniff
      x-frame-options:
      - SAMEORIGIN
      x-ratelimit-limit:
      - '12000'
      x-ratelimit-period:
      - '60'
      x-ratelimit-remaining:
      - '11993'
      x-ratelimit-reset:
      - '35'
    status:
      code: 204
      message: No Content
- request:
    body: null
    headers:
      accept:
      - '*/*'
      connection:
      - close
      host:
      - api.datadoghq.com
      user-agent:
      - datadog-api-spec/scripts/bdd-runner
      x-datadog-parent-id:
      - '5544895614048064428'
      x-datadog-trace-id:
      - '8219685026969935586'
    method: DELETE
    uri: https://api.datadoghq.com/api/v1/slo/46be908d1c20577181e3813c64b21f8b
  response:
    body:
      string: '{"data":["46be908d1c20577181e3813c64b21f8b"],"error":null}'
    headers:
      cache-control:
      - no-cache
      connection:
      - close
      content-length:
      - '58'
      content-security-policy:
      - frame-ancestors 'self'; report-uri https://api.datadoghq.com/csp-report
      content-type:
      - application/json
      date:
      - Fri, 17 Dec 2021 12:16:25 GMT
      pragma:
      - no-cache
      strict-transport-security:
      - max-age=15724800;
      vary:
      - Accept-Encoding
      x-content-type-options:
      - nosniff
      x-frame-options:
      - SAMEORIGIN
      x-ratelimit-limit:
      - '3000'
      x-ratelimit-period:
      - '10'
      x-ratelimit-remaining:
      - '2999'
      x-ratelimit-reset:
      - '5'
    status:
      code: 200
      message: OK
version: 1
