interactions:
- request:
    body: '{"data":{"attributes":{"description":"My Agent rule","enabled":true,"expression":"exec.file.name
      == \"sh\"","name":"testgetacloudworkloadsecurityagentrulereturnsokresponse1652349083"},"type":"agent_rule"}}'
    headers:
      accept:
      - application/json
      content-type:
      - application/json
    method: POST
    uri: https://api.datadoghq.com/api/v2/security_monitoring/cloud_workload_security/agent_rules
  response:
    body:
      string: '{"data":{"attributes":{"category":"Process Activity","name":"testgetacloudworkloadsecurityagentrulereturnsokresponse1652349083","creator":{"handle":"frog@datadoghq.com","name":null},"description":"My
        Agent rule","enabled":true,"defaultRule":false,"version":1,"updater":{"handle":"frog@datadoghq.com","name":null},"updateDate":1652349083546,"creationDate":1652349083546,"expression":"exec.file.name
        == \"sh\""},"type":"agent_rule","id":"xnm-bjf-tfb"}}'
    headers:
      content-type:
      - application/json;charset=utf-8
    status:
      code: 200
      message: OK
- request:
    body: null
    headers:
      accept:
      - application/json
    method: GET
    uri: https://api.datadoghq.com/api/v2/security_monitoring/cloud_workload_security/agent_rules/xnm-bjf-tfb
  response:
    body:
      string: '{"data":{"attributes":{"category":"Process Activity","name":"testgetacloudworkloadsecurityagentrulereturnsokresponse1652349083","creator":{"handle":"frog@datadoghq.com","name":null},"description":"My
        Agent rule","enabled":true,"defaultRule":false,"version":1,"updater":{"handle":"frog@datadoghq.com","name":null},"updateDate":1652349083546,"creationDate":1652349083546,"expression":"exec.file.name
        == \"sh\""},"type":"agent_rule","id":"xnm-bjf-tfb"}}'
    headers:
      content-type:
      - application/json;charset=utf-8
    status:
      code: 200
      message: OK
- request:
    body: null
    headers:
      accept:
      - '*/*'
    method: DELETE
    uri: https://api.datadoghq.com/api/v2/security_monitoring/cloud_workload_security/agent_rules/xnm-bjf-tfb
  response:
    body:
      string: ''
    headers:
      content-type:
      - application/json;charset=utf-8
    status:
      code: 204
      message: No Content
version: 1
