interactions:
- request:
    body: '{"data":{"attributes":{"email":"Test-Delete_an_On_Call_notification_rule_for_a_user_returns_No_Content_response-1765913376@datadoghq.com","title":"user
      title"},"type":"users"}}'
    headers:
      accept:
      - application/json
      content-type:
      - application/json
    method: POST
    uri: https://api.datadoghq.com/api/v2/users
  response:
    body:
      string: '{"data":{"type":"users","id":"5ebbe76d-c072-4909-ba24-ffa71f4597a0","attributes":{"name":null,"handle":"test-delete_an_on_call_notification_rule_for_a_user_returns_no_content_response-1765913376@datadoghq.com","created_at":"2025-12-16T19:29:36.461504+00:00","modified_at":"2025-12-16T19:29:36.461504+00:00","email":"test-delete_an_on_call_notification_rule_for_a_user_returns_no_content_response-1765913376@datadoghq.com","icon":"https://secure.gravatar.com/avatar/dad7a8a5508730e67ad8dea90bcc189c?s=48&d=retro","title":"user
        title","verified":false,"service_account":false,"disabled":false,"allowed_login_methods":[],"status":"Pending","last_login_time":null},"relationships":{"roles":{"data":[]},"org":{"data":{"type":"orgs","id":"4dee724d-00cc-11ea-a77b-570c9d03c6c5"}}}}}

        '
    headers:
      content-type:
      - application/json
    status:
      code: 201
      message: Created
- request:
    body: '{"data":{"attributes":{"config":{"address":"test-delete_an_on_call_notification_rule_for_a_user_returns_no_content_response-1765913376@datadoghq.com","formats":["html"],"type":"email"}},"type":"notification_channels"}}'
    headers:
      accept:
      - application/json
      content-type:
      - application/json
    method: POST
    uri: https://api.datadoghq.com/api/v2/on-call/users/5ebbe76d-c072-4909-ba24-ffa71f4597a0/notification-channels
  response:
    body:
      string: '{"data":{"id":"a557eb68-8b0a-48cf-ac65-73aede790994","type":"notification_channels","attributes":{"active":true,"config":{"type":"email","address":"test-delete_an_on_call_notification_rule_for_a_user_returns_no_content_response-1765913376@datadoghq.com","formats":["html"]}}}}'
    headers:
      content-type:
      - application/vnd.api+json
    status:
      code: 201
      message: Created
- request:
    body: '{"data":{"attributes":{"category":"high_urgency","delay_minutes":0},"relationships":{"channel":{"data":{"id":"a557eb68-8b0a-48cf-ac65-73aede790994","type":"notification_channels"}}},"type":"notification_rules"}}'
    headers:
      accept:
      - application/json
      content-type:
      - application/json
    method: POST
    uri: https://api.datadoghq.com/api/v2/on-call/users/5ebbe76d-c072-4909-ba24-ffa71f4597a0/notification-rules
  response:
    body:
      string: '{"data":{"id":"71e9f009-5a69-4946-992e-d76b05d1ae61","type":"notification_rules","attributes":{"category":"high_urgency","delay_minutes":0},"relationships":{"channel":{"data":{"id":"a557eb68-8b0a-48cf-ac65-73aede790994","type":"notification_channels"}}}}}'
    headers:
      content-type:
      - application/vnd.api+json
    status:
      code: 201
      message: Created
- request:
    body: null
    headers:
      accept:
      - '*/*'
    method: DELETE
    uri: https://api.datadoghq.com/api/v2/on-call/users/5ebbe76d-c072-4909-ba24-ffa71f4597a0/notification-rules/71e9f009-5a69-4946-992e-d76b05d1ae61
  response:
    body:
      string: ''
    headers: {}
    status:
      code: 204
      message: No Content
- request:
    body: null
    headers:
      accept:
      - '*/*'
    method: DELETE
    uri: https://api.datadoghq.com/api/v2/users/5ebbe76d-c072-4909-ba24-ffa71f4597a0
  response:
    body:
      string: ''
    headers: {}
    status:
      code: 204
      message: No Content
version: 1
