interactions:
- request:
    body: '{"data":{"attributes":{"account_tags":["key:value"],"auth_config":{"role_name":"DatadogIntegrationRole"},"aws_account_id":"123456789012","aws_partition":"aws","aws_regions":{"include_only":["us-east-1"]},"logs_config":{"lambda_forwarder":{"lambdas":["arn:aws:lambda:us-east-1:123456789012:function:DatadogLambdaLogForwarder"],"log_source_config":{"tag_filters":[{"source":"s3","tags":["test:test"]}]},"sources":["s3"]}},"metrics_config":{"automute_enabled":true,"collect_cloudwatch_alarms":false,"collect_custom_metrics":false,"enabled":true,"namespace_filters":{"include_only":["AWS/EC2"]},"tag_filters":[{"namespace":"AWS/EC2","tags":["key:value"]}]},"resources_config":{"cloud_security_posture_management_collection":false,"extended_collection":false},"traces_config":{"xray_services":{"include_only":["AWS/AppSync"]}}},"type":"account"}}'
    headers:
      accept:
      - application/json
      content-type:
      - application/json
    method: POST
    uri: https://api.datadoghq.com/api/v2/integration/aws/accounts
  response:
    body:
      string: '{"data":{"id":"0c2238ef-3b8e-4d25-85df-b18f96ac7031","type":"account","attributes":{"account_tags":["key:value"],"auth_config":{"role_name":"DatadogIntegrationRole","external_id":"a297178885da4934acf9eca79f3e7892"},"aws_account_id":"123456789012","aws_partition":"aws","aws_regions":{"include_only":["us-east-1"]},"created_at":"2025-12-10T17:40:37.609564422Z","logs_config":{"lambda_forwarder":{"lambdas":["arn:aws:lambda:us-east-1:123456789012:function:DatadogLambdaLogForwarder"],"sources":["s3"],"log_source_config":{"tag_filters":[{"source":"s3","tags":["test:test"]}]}}},"metrics_config":{"enabled":true,"automute_enabled":true,"collect_custom_metrics":false,"collect_cloudwatch_alarms":false,"tag_filters":[{"namespace":"AWS/EC2","tags":["key:value"]}],"namespace_filters":{"include_only":["AWS/EC2"]}},"modified_at":"2025-12-10T17:40:37.609564422Z","resources_config":{"cloud_security_posture_management_collection":false,"extended_collection":false},"traces_config":{"xray_services":{"include_only":["AWS/AppSync"]}}}}}'
    headers:
      content-type:
      - application/vnd.api+json
    status:
      code: 200
      message: OK
- request:
    body: '{"data":{"attributes":{"account_tags":["key:value"],"auth_config":{"role_name":"DatadogIntegrationRole"},"aws_account_id":"123456789012","aws_partition":"aws","ccm_config":{"data_export_configs":[{"bucket_name":"updated-bucket","bucket_region":"us-west-2","report_name":"updated-report","report_prefix":"cost-reports","report_type":"CUR2.0"}]},"logs_config":{"lambda_forwarder":{"lambdas":["arn:aws:lambda:us-east-1:123456789012:function:DatadogLambdaLogForwarder"],"log_source_config":{"tag_filters":[{"source":"s3","tags":["test:test"]}]},"sources":["s3"]}},"metrics_config":{"automute_enabled":true,"collect_cloudwatch_alarms":true,"collect_custom_metrics":true,"enabled":true,"tag_filters":[{"namespace":"AWS/EC2","tags":["key:value"]}]},"resources_config":{"cloud_security_posture_management_collection":false,"extended_collection":false},"traces_config":{}},"type":"account"}}'
    headers:
      accept:
      - application/json
      content-type:
      - application/json
    method: PATCH
    uri: https://api.datadoghq.com/api/v2/integration/aws/accounts/0c2238ef-3b8e-4d25-85df-b18f96ac7031
  response:
    body:
      string: '{"data":{"id":"0c2238ef-3b8e-4d25-85df-b18f96ac7031","type":"account","attributes":{"account_tags":["key:value"],"auth_config":{"role_name":"DatadogIntegrationRole","external_id":"a297178885da4934acf9eca79f3e7892"},"aws_account_id":"123456789012","aws_partition":"aws","aws_regions":{"include_only":["us-east-1"]},"ccm_config":{"data_export_configs":[{"report_name":"updated-report","report_prefix":"cost-reports","report_type":"CUR2.0","bucket_name":"updated-bucket","bucket_region":"us-west-2"}]},"created_at":"2025-12-10T17:40:37.609564Z","logs_config":{"lambda_forwarder":{"lambdas":["arn:aws:lambda:us-east-1:123456789012:function:DatadogLambdaLogForwarder"],"sources":["s3"],"log_source_config":{"tag_filters":[{"source":"s3","tags":["test:test"]}]}}},"metrics_config":{"enabled":true,"automute_enabled":true,"collect_custom_metrics":true,"collect_cloudwatch_alarms":true,"tag_filters":[{"namespace":"AWS/EC2","tags":["key:value"]}],"namespace_filters":{"include_only":["AWS/EC2"]}},"modified_at":"2025-12-10T17:40:37.867410688Z","resources_config":{"cloud_security_posture_management_collection":false,"extended_collection":false},"traces_config":{"xray_services":{"include_only":["AWS/AppSync"]}}}}}'
    headers:
      content-type:
      - application/vnd.api+json
    status:
      code: 200
      message: OK
- request:
    body: null
    headers:
      accept:
      - '*/*'
    method: DELETE
    uri: https://api.datadoghq.com/api/v2/integration/aws/accounts/0c2238ef-3b8e-4d25-85df-b18f96ac7031
  response:
    body:
      string: ''
    headers: {}
    status:
      code: 204
      message: No Content
version: 1
