interactions:
- request:
    body: '{"data": {"id": "Test-Get_a_log_based_metric_returns_OK_response-1618386926",
      "attributes": {"filter": {"query": "source:Test-Get_a_log_based_metric_returns_OK_response-1618386926"},
      "compute": {"aggregation_type": "count"}}, "type": "logs_metrics"}}'
    headers:
      Accept:
      - application/json
      Content-Type:
      - application/json
      Dd-Operation-Id:
      - CreateLogsMetric
      User-Agent:
      - datadog-api-client-python/1.0.0b8.dev35+dirty (python 3.8.8; os Darwin; arch
        x86_64)
    method: POST
    uri: https://api.datadoghq.com/api/v2/logs/config/metrics
  response:
    body:
      string: '{"data":{"id":"Test_Get_a_log_based_metric_returns_OK_response_1618386926","attributes":{"filter":{"query":"source:Test-Get_a_log_based_metric_returns_OK_response-1618386926"},"group_by":[],"compute":{"aggregation_type":"count"}},"type":"logs_metrics"}}'
    headers:
      Connection:
      - keep-alive
      Content-Length:
      - '253'
      Content-Type:
      - application/json;charset=utf-8
      Date:
      - Wed, 14 Apr 2021 07:55:26 GMT
      cache-control:
      - no-cache
      content-disposition:
      - inline
      content-security-policy:
      - frame-ancestors 'self'; report-uri https://api.datadoghq.com/csp-report
      pragma:
      - no-cache
      strict-transport-security:
      - max-age=15724800;
      vary:
      - Accept-Encoding
      x-content-type-options:
      - nosniff
      x-dd-debug:
      - Wjq53IVIwnB4SiR238oOYgHFMq/ZYP0LQ/Dv8C2fFLBwTje/dWJHu6pI6vIOK1zG
      x-dd-version:
      - '35.4306674'
      x-frame-options:
      - SAMEORIGIN
      x-ratelimit-limit:
      - '100'
      x-ratelimit-period:
      - '3600'
      x-ratelimit-remaining:
      - '29'
      x-ratelimit-reset:
      - '274'
    status:
      code: 200
      message: OK
- request:
    body: null
    headers:
      Accept:
      - application/json
      Content-Type:
      - application/json
      Dd-Operation-Id:
      - GetLogsMetric
      User-Agent:
      - datadog-api-client-python/1.0.0b8.dev35+dirty (python 3.8.8; os Darwin; arch
        x86_64)
    method: GET
    uri: https://api.datadoghq.com/api/v2/logs/config/metrics/Test_Get_a_log_based_metric_returns_OK_response_1618386926
  response:
    body:
      string: '{"data":{"id":"Test_Get_a_log_based_metric_returns_OK_response_1618386926","attributes":{"filter":{"query":"source:Test-Get_a_log_based_metric_returns_OK_response-1618386926"},"group_by":[],"compute":{"aggregation_type":"count"}},"type":"logs_metrics"}}'
    headers:
      Connection:
      - keep-alive
      Content-Length:
      - '253'
      Content-Type:
      - application/json;charset=utf-8
      Date:
      - Wed, 14 Apr 2021 07:55:27 GMT
      cache-control:
      - no-cache
      content-disposition:
      - inline
      content-security-policy:
      - frame-ancestors 'self'; report-uri https://api.datadoghq.com/csp-report
      pragma:
      - no-cache
      strict-transport-security:
      - max-age=15724800;
      vary:
      - Accept-Encoding
      x-content-type-options:
      - nosniff
      x-dd-debug:
      - HbtaOKlJ6OCrx9tMXO6ivMTrEM+g0c93HDp08trmOmgdHozC5J+vn10F0H4WPjCU
      x-dd-version:
      - '35.4306674'
      x-frame-options:
      - SAMEORIGIN
      x-ratelimit-limit:
      - '5000'
      x-ratelimit-period:
      - '3600'
      x-ratelimit-remaining:
      - '4989'
      x-ratelimit-reset:
      - '273'
    status:
      code: 200
      message: OK
- request:
    body: null
    headers:
      Accept:
      - application/json
      Content-Type:
      - application/json
      Dd-Operation-Id:
      - DeleteLogsMetric
      User-Agent:
      - datadog-api-client-python/1.0.0b8.dev35+dirty (python 3.8.8; os Darwin; arch
        x86_64)
    method: DELETE
    uri: https://api.datadoghq.com/api/v2/logs/config/metrics/Test_Get_a_log_based_metric_returns_OK_response_1618386926
  response:
    body:
      string: '{}'
    headers:
      Connection:
      - keep-alive
      Content-Length:
      - '2'
      Content-Type:
      - application/json;charset=utf-8
      Date:
      - Wed, 14 Apr 2021 07:55:27 GMT
      cache-control:
      - no-cache
      content-disposition:
      - inline
      content-security-policy:
      - frame-ancestors 'self'; report-uri https://api.datadoghq.com/csp-report
      pragma:
      - no-cache
      strict-transport-security:
      - max-age=15724800;
      x-content-type-options:
      - nosniff
      x-dd-debug:
      - Um4CoU685QqAscnxhS5BD+goWu2yX1Jd4zCfGzSsEvPPIm1qURZaF8dlLl/OEY4I
      x-dd-version:
      - '35.4306674'
      x-frame-options:
      - SAMEORIGIN
      x-ratelimit-limit:
      - '100'
      x-ratelimit-period:
      - '3600'
      x-ratelimit-remaining:
      - '28'
      x-ratelimit-reset:
      - '273'
    status:
      code: 200
      message: OK
version: 1
