interactions:
- request:
    body: '{"cases":[{"condition":"a > 0","name":"","notifications":[],"status":"info"}],"filters":[],"isEnabled":true,"message":"Test
      rule","name":"Test-Convert_an_existing_rule_from_JSON_to_Terraform_returns_OK_response-1745494491","options":{"evaluationWindow":900,"keepAlive":3600,"maxSignalDuration":86400},"queries":[{"aggregation":"count","distinctFields":[],"groupByFields":[],"metrics":[],"query":"@test:true"}],"tags":[],"type":"log_detection"}'
    headers:
      accept:
      - application/json
      content-type:
      - application/json
    method: POST
    uri: https://api.datadoghq.com/api/v2/security_monitoring/rules
  response:
    body:
      string: '{"name":"Test-Convert_an_existing_rule_from_JSON_to_Terraform_returns_OK_response-1745494491","createdAt":1745494491502,"isDefault":false,"isPartner":false,"isEnabled":true,"isBeta":false,"isDeleted":false,"isDeprecated":false,"queries":[{"query":"@test:true","groupByFields":[],"hasOptionalGroupByFields":false,"distinctFields":[],"aggregation":"count","name":"","dataSource":"logs"}],"options":{"evaluationWindow":900,"detectionMethod":"threshold","maxSignalDuration":86400,"keepAlive":3600},"cases":[{"name":"","status":"info","notifications":[],"condition":"a
        \u003e 0"}],"message":"Test rule","tags":[],"hasExtendedTitle":false,"type":"log_detection","filters":[],"version":1,"id":"e60-iv6-d7e","blocking":false,"metadata":{"entities":null,"sources":null},"creationAuthorId":1445416,"creator":{"handle":"frog@datadoghq.com","name":"frog"},"updater":{"handle":"","name":""}}'
    headers:
      content-type:
      - application/json
    status:
      code: 200
      message: OK
- request:
    body: null
    headers:
      accept:
      - application/json
    method: GET
    uri: https://api.datadoghq.com/api/v2/security_monitoring/rules/e60-iv6-d7e/convert
  response:
    body:
      string: '{"terraformContent":"resource \"datadog_security_monitoring_rule\"
        \"test-convert_an_existing_rule_from_json_to_terraform_returns_ok_response-1745494491\"
        {\n\tname = \"Test-Convert_an_existing_rule_from_JSON_to_Terraform_returns_OK_response-1745494491\"\n\tenabled
        = true\n\tquery {\n\t\tquery = \"@test:true\"\n\t\tgroup_by_fields = []\n\t\tdistinct_fields
        = []\n\t\taggregation = \"count\"\n\t\tname = \"\"\n\t\tdata_source = \"logs\"\n\t}\n\toptions
        {\n\t\tkeep_alive = 3600\n\t\tmax_signal_duration = 86400\n\t\tdetection_method
        = \"threshold\"\n\t\tevaluation_window = 900\n\t}\n\tcase {\n\t\tname = \"\"\n\t\tstatus
        = \"info\"\n\t\tnotifications = []\n\t\tcondition = \"a \u003e 0\"\n\t}\n\tmessage
        = \"Test rule\"\n\ttags = []\n\thas_extended_title = false\n\ttype = \"log_detection\"\n}\n"}'
    headers:
      content-type:
      - application/json
    status:
      code: 200
      message: OK
- request:
    body: null
    headers:
      accept:
      - '*/*'
    method: DELETE
    uri: https://api.datadoghq.com/api/v2/security_monitoring/rules/e60-iv6-d7e
  response:
    body:
      string: ''
    headers: {}
    status:
      code: 204
      message: No Content
version: 1
