interactions:
- request:
    body: '{"data": {"attributes": {"email": "Test-test_send_invitation_emails_returns_ok_response-1617954874.255@datadoghq.com",
      "title": "user title"}, "type": "users"}}'
    headers:
      Accept:
      - application/json
      Content-Type:
      - application/json
      Dd-Operation-Id:
      - CreateUser
      User-Agent:
      - datadog-api-client-python/1.0.0b8.dev27 (python 3.8.8; os Darwin; arch x86_64)
    method: POST
    uri: https://api.datadoghq.com/api/v2/users
  response:
    body:
      string: '{"data":{"type":"users","id":"d34594aa-9908-11eb-9ce8-da7ad0900002","attributes":{"name":null,"handle":"test-test_send_invitation_emails_returns_ok_response-1617954874.255@datadoghq.com","created_at":"2021-04-09T07:54:34.824660+00:00","modified_at":"2021-04-09T07:54:34.858636+00:00","email":"test-test_send_invitation_emails_returns_ok_response-1617954874.255@datadoghq.com","icon":"https://secure.gravatar.com/avatar/43d96b3679a2555101969c960f233ef0?s=48&d=retro","title":"user
        title","verified":false,"service_account":false,"disabled":false,"allowed_login_methods":[],"status":"Pending"},"relationships":{"roles":{"data":[]},"org":{"data":{"type":"orgs","id":"4dee724d-00cc-11ea-a77b-570c9d03c6c5"}}}}}'
    headers:
      Connection:
      - keep-alive
      Content-Length:
      - '706'
      Content-Type:
      - application/json
      Date:
      - Fri, 09 Apr 2021 07:54:34 GMT
      cache-control:
      - no-cache
      content-security-policy:
      - frame-ancestors 'self'; report-uri https://api.datadoghq.com/csp-report
      pragma:
      - no-cache
      strict-transport-security:
      - max-age=15724800;
      x-content-type-options:
      - nosniff
      x-dd-debug:
      - dCmL/3rURV6BPeaqeP3Rxigq41m5CAb17XjrRE42uZ01zpr07HVhbL5/3TWMkvgu
      x-dd-version:
      - '35.4273965'
      x-frame-options:
      - SAMEORIGIN
    status:
      code: 201
      message: Created
- request:
    body: '{"data": [{"type": "user_invitations", "relationships": {"user": {"data":
      {"type": "users", "id": "d34594aa-9908-11eb-9ce8-da7ad0900002"}}}}]}'
    headers:
      Accept:
      - application/json
      Content-Type:
      - application/json
      Dd-Operation-Id:
      - SendInvitations
      User-Agent:
      - datadog-api-client-python/1.0.0b8.dev27 (python 3.8.8; os Darwin; arch x86_64)
    method: POST
    uri: https://api.datadoghq.com/api/v2/user_invitations
  response:
    body:
      string: '{"data":[{"type":"user_invitations","id":"d3991f30-9908-11eb-9ce8-da7ad0900002","attributes":{"uuid":"d3991f30-9908-11eb-9ce8-da7ad0900002","login_method":null,"invite_type":"openid_invite","created_at":"2021-04-09T07:54:35.374133+00:00","expires_at":"2021-04-11T07:54:35.298835+00:00"},"relationships":{"user":{"data":{"type":"users","id":"d34594aa-9908-11eb-9ce8-da7ad0900002"}}}}]}'
    headers:
      Connection:
      - keep-alive
      Content-Length:
      - '384'
      Content-Type:
      - application/json
      Date:
      - Fri, 09 Apr 2021 07:54:35 GMT
      cache-control:
      - no-cache
      content-security-policy:
      - frame-ancestors 'self'; report-uri https://api.datadoghq.com/csp-report
      pragma:
      - no-cache
      strict-transport-security:
      - max-age=15724800;
      x-content-type-options:
      - nosniff
      x-dd-debug:
      - fIO2C4qGDheGHy4YbS+r3a3CXbh4cbRo7roILOimQyiHGjQdOat0cIpWCkupM1uX
      x-dd-version:
      - '35.4273965'
      x-frame-options:
      - SAMEORIGIN
    status:
      code: 201
      message: Created
- request:
    body: null
    headers:
      Accept:
      - application/json
      Content-Type:
      - application/json
      Dd-Operation-Id:
      - DisableUser
      User-Agent:
      - datadog-api-client-python/1.0.0b8.dev27 (python 3.8.8; os Darwin; arch x86_64)
    method: DELETE
    uri: https://api.datadoghq.com/api/v2/users/d34594aa-9908-11eb-9ce8-da7ad0900002
  response:
    body:
      string: ''
    headers:
      Connection:
      - keep-alive
      Content-Length:
      - '0'
      Content-Type:
      - application/json
      Date:
      - Fri, 09 Apr 2021 07:54:36 GMT
      cache-control:
      - no-cache
      content-security-policy:
      - frame-ancestors 'self'; report-uri https://api.datadoghq.com/csp-report
      pragma:
      - no-cache
      strict-transport-security:
      - max-age=15724800;
      x-content-type-options:
      - nosniff
      x-dd-debug:
      - dCmL/3rURV6BPeaqeP3Rxigq41m5CAb17XjrRE42uZ01zpr07HVhbL5/3TWMkvgu
      x-dd-version:
      - '35.4273965'
      x-frame-options:
      - SAMEORIGIN
    status:
      code: 204
      message: No Content
version: 1
