interactions:
- request:
    body: '{"series":[{"metric":"TestDeleteatagconfigurationreturnsNoContentresponse1648560542","points":[[1648560542,1.1]],"tags":["test:ExampleSubmitmetricsreturnsPayloadacceptedresponse"],"type":"gauge"}]}'
    headers:
      accept:
      - text/json
      content-type:
      - text/json
    method: POST
    uri: https://api.datadoghq.com/api/v1/series
  response:
    body:
      string: '{"status": "ok"}'
    headers:
      content-type:
      - text/json
    status:
      code: 202
      message: Accepted
- request:
    body: '{"data":{"attributes":{"metric_type":"gauge","tags":["app","datacenter","TestDeleteatagconfigurationreturnsNoContentresponse1648560542"]},"id":"TestDeleteatagconfigurationreturnsNoContentresponse1648560542","type":"manage_tags"}}'
    headers:
      accept:
      - application/json
      content-type:
      - application/json
    method: POST
    uri: https://api.datadoghq.com/api/v2/metrics/TestDeleteatagconfigurationreturnsNoContentresponse1648560542/tags
  response:
    body:
      string: '{"data":{"type":"manage_tags","id":"TestDeleteatagconfigurationreturnsNoContentresponse1648560542","attributes":{"tags":["datacenter","app","TestDeleteatagconfigurationreturnsNoContentresponse1648560542"],"created_at":"2022-03-29T13:29:03.991675+00:00","modified_at":"2022-03-29T13:29:03.991675+00:00","metric_type":"gauge","aggregations":[{"space":"avg","time":"avg"}]}}}'
    headers:
      content-type:
      - application/json
    status:
      code: 201
      message: Created
- request:
    body: null
    headers:
      accept:
      - application/json
    method: DELETE
    uri: https://api.datadoghq.com/api/v2/metrics/TestDeleteatagconfigurationreturnsNoContentresponse1648560542/tags
  response:
    body:
      string: ''
    headers: {}
    status:
      code: 204
      message: No Content
- request:
    body: null
    headers:
      accept:
      - application/json
    method: DELETE
    uri: https://api.datadoghq.com/api/v2/metrics/TestDeleteatagconfigurationreturnsNoContentresponse1648560542/tags
  response:
    body:
      string: '{"errors": ["TestDeleteatagconfigurationreturnsNoContentresponse1648560542
        not found"]}'
    headers:
      content-type:
      - application/json
    status:
      code: 404
      message: Not Found
version: 1
