interactions:
- request:
    body: '{"data":{"attributes":{"compute":{"aggregation_type":"count"},"filter":{"query":"source:Test-Delete_a_log_based_metric_returns_OK_response-1618491719"}},"id":"Test-Delete_a_log_based_metric_returns_OK_response-1618491719","type":"logs_metrics"}}'
    headers:
      accept:
      - application/json, */*;q=0.8
      content-type:
      - application/json
    method: POST
    uri: https://api.datadoghq.com/api/v2/logs/config/metrics
  response:
    body:
      string: '{"data":{"id":"Test_Delete_a_log_based_metric_returns_OK_response_1618491719","attributes":{"filter":{"query":"source:Test-Delete_a_log_based_metric_returns_OK_response-1618491719"},"group_by":[],"compute":{"aggregation_type":"count"}},"type":"logs_metrics"}}'
    headers:
      content-type:
      - application/json;charset=utf-8
    status:
      code: 200
      message: OK
- request:
    body: null
    headers:
      accept:
      - application/json, */*;q=0.8
    method: DELETE
    uri: https://api.datadoghq.com/api/v2/logs/config/metrics/Test_Delete_a_log_based_metric_returns_OK_response_1618491719
  response:
    body:
      string: '{}'
    headers:
      content-type:
      - application/json;charset=utf-8
    status:
      code: 200
      message: OK
- request:
    body: null
    headers:
      accept:
      - application/json, */*;q=0.8
    method: DELETE
    uri: https://api.datadoghq.com/api/v2/logs/config/metrics/Test_Delete_a_log_based_metric_returns_OK_response_1618491719
  response:
    body:
      string: '{"errors":["not_found(Metric with name ''Test_Delete_a_log_based_metric_returns_OK_response_1618491719''
        not found)"]}'
    headers:
      content-type:
      - application/json
    status:
      code: 404
      message: Not Found
version: 1
