interactions:
- request:
    body: '{"data":{"attributes":{"description":"","name":"Test Datastore","org_access":"contributor","primary_column_name":"id","primary_key_generation_strategy":"none"},"type":"datastores"}}'
    headers:
      accept:
      - application/json
      content-type:
      - application/json
    method: POST
    uri: https://api.datadoghq.com/api/v2/actions-datastores
  response:
    body:
      string: '{"data":{"id":"8185f4a4-6cf6-4fde-a705-e248effe50fc","type":"datastores"}}'
    headers:
      content-type:
      - application/vnd.api+json
    status:
      code: 200
      message: OK
- request:
    body: null
    headers:
      accept:
      - '*/*'
    method: DELETE
    uri: https://api.datadoghq.com/api/v2/actions-datastores/8185f4a4-6cf6-4fde-a705-e248effe50fc
  response:
    body:
      string: '{"data":{"id":"8185f4a4-6cf6-4fde-a705-e248effe50fc","type":"datastores"}}'
    headers:
      content-type:
      - application/vnd.api+json
    status:
      code: 200
      message: OK
- request:
    body: null
    headers:
      accept:
      - '*/*'
    method: DELETE
    uri: https://api.datadoghq.com/api/v2/actions-datastores/8185f4a4-6cf6-4fde-a705-e248effe50fc
  response:
    body:
      string: ''
    headers:
      content-type:
      - application/vnd.api+json
    status:
      code: 200
      message: OK
version: 1
