interactions:
- request:
    body: '{"data":{"attributes":{"description":"My agent policy","enabled":true,"hostTags":["env:staging"],"name":"testgetaworkloadprotectionpolicyreturnsokresponse1760109676"},"type":"policy"}}'
    headers:
      accept:
      - application/json
      content-type:
      - application/json
    method: POST
    uri: https://api.datadoghq.com/api/v2/remote_config/products/cws/policy
  response:
    body:
      string: '{"data":{"id":"lwx-2sg-6dt","type":"policy","attributes":{"blockingRulesCount":0,"datadogManaged":false,"description":"My
        agent policy","disabledRulesCount":1,"enabled":true,"hostTagsLists":[["env:staging"]],"monitoringRulesCount":7,"name":"testgetaworkloadprotectionpolicyreturnsokresponse1760109676","pinned":false,"policyVersion":"1","ruleCount":8,"updateDate":1760109676701,"updater":{"name":"frog","handle":"frog@datadoghq.com"}}}}'
    headers:
      content-type:
      - application/json
    status:
      code: 200
      message: OK
- request:
    body: null
    headers:
      accept:
      - application/json
    method: GET
    uri: https://api.datadoghq.com/api/v2/remote_config/products/cws/policy/lwx-2sg-6dt
  response:
    body:
      string: '{"data":{"id":"lwx-2sg-6dt","type":"policy","attributes":{"blockingRulesCount":0,"datadogManaged":false,"description":"My
        agent policy","disabledRulesCount":0,"enabled":true,"hostTagsLists":[["env:staging"]],"monitoringRulesCount":0,"name":"testgetaworkloadprotectionpolicyreturnsokresponse1760109676","pinned":false,"policyVersion":"1","ruleCount":0,"updateDate":1760109676701,"updater":{"name":"frog","handle":"frog@datadoghq.com"}}}}'
    headers:
      content-type:
      - application/json
    status:
      code: 200
      message: OK
- request:
    body: null
    headers:
      accept:
      - '*/*'
    method: DELETE
    uri: https://api.datadoghq.com/api/v2/remote_config/products/cws/policy/lwx-2sg-6dt
  response:
    body:
      string: ''
    headers:
      content-type:
      - application/json
    status:
      code: 204
      message: No Content
version: 1
