interactions:
- request:
    body: '{"data": {"attributes": {"title": "Test-Delete_an_existing_incident_returns_OK_response-1617999618",
      "customer_impacted": false}, "type": "incidents"}}'
    headers:
      Accept:
      - application/json
      Content-Type:
      - application/json
      Dd-Operation-Id:
      - CreateIncident
      User-Agent:
      - datadog-api-client-python/1.0.0b8.dev29 (python 3.8.8; os Darwin; arch x86_64)
    method: POST
    uri: https://api.datadoghq.com/api/v2/incidents
  response:
    body:
      string: '{"data":{"type":"incidents","id":"462718bd-e42c-5f64-b0f4-683d57dff151","attributes":{"public_id":34411,"title":"Test-Delete_an_existing_incident_returns_OK_response-1617999618","resolved":null,"customer_impact_scope":null,"customer_impact_start":null,"customer_impact_end":null,"customer_impacted":false,"notification_handles":null,"last_modified_by":{"data":{"type":"users","id":"3ad549bf-eba0-11e9-a77a-0705486660d0","attributes":{"uuid":"3ad549bf-eba0-11e9-a77a-0705486660d0","handle":"frog@datadoghq.com","email":"frog@datadoghq.com","name":null,"icon":"https://secure.gravatar.com/avatar/28a16dfe36e73b60c1d55872cb0f1172?s=48&d=retro"}}},"last_modified_by_uuid":null,"created":"2021-04-09T20:20:18.986093+00:00","modified":"2021-04-09T20:20:18.986093+00:00","commander":{"data":{"type":"users","id":"3ad549bf-eba0-11e9-a77a-0705486660d0","attributes":{"uuid":"3ad549bf-eba0-11e9-a77a-0705486660d0","handle":"frog@datadoghq.com","email":"frog@datadoghq.com","name":null,"icon":"https://secure.gravatar.com/avatar/28a16dfe36e73b60c1d55872cb0f1172?s=48&d=retro"}}},"detected":"2021-04-09T20:20:18.984356+00:00","created_by":{"data":{"type":"users","id":"3ad549bf-eba0-11e9-a77a-0705486660d0","attributes":{"uuid":"3ad549bf-eba0-11e9-a77a-0705486660d0","handle":"frog@datadoghq.com","email":"frog@datadoghq.com","name":null,"icon":"https://secure.gravatar.com/avatar/28a16dfe36e73b60c1d55872cb0f1172?s=48&d=retro"}}},"created_by_uuid":null,"creation_idempotency_key":null,"customer_impact_duration":0,"time_to_detect":0,"time_to_repair":0,"time_to_internal_response":0,"time_to_resolve":0,"fields":{"severity":{"type":"dropdown","value":"UNKNOWN"},"detection_method":{"type":"dropdown","value":"unknown"},"root_cause":{"type":"textbox","value":null},"teams":{"type":"autocomplete","value":null},"state":{"type":"dropdown","value":"active"},"services":{"type":"autocomplete","value":null}},"field_analytics":null,"severity":"UNKNOWN","state":"active","non_datadog_creator":null},"relationships":{"created_by_user":{"data":{"type":"users","id":"3ad549bf-eba0-11e9-a77a-0705486660d0"}},"last_modified_by_user":{"data":{"type":"users","id":"3ad549bf-eba0-11e9-a77a-0705486660d0"}},"commander_user":{"data":{"type":"users","id":"3ad549bf-eba0-11e9-a77a-0705486660d0"}},"user_defined_fields":{"data":[{"type":"user_defined_field","id":"4148ead2-da45-548e-b6be-8e319bafc425"},{"type":"user_defined_field","id":"66b62f59-48f6-5fee-969a-0886b1db6dcd"},{"type":"user_defined_field","id":"299616f7-8acd-5403-886b-991656d6b982"},{"type":"user_defined_field","id":"ad2b9456-eaec-5bbd-9bae-e502d74e23f8"},{"type":"user_defined_field","id":"d8a54f16-8b2a-5ab4-87b8-5f0fa575c83e"},{"type":"user_defined_field","id":"623af0a5-f30c-577e-8146-09b8324bdb2d"}]},"integrations":{"data":[]},"attachments":{"data":[]},"responders":{"data":[]}}}}'
    headers:
      Connection:
      - keep-alive
      Content-Length:
      - '2823'
      Content-Type:
      - application/json
      Date:
      - Fri, 09 Apr 2021 20:20:19 GMT
      cache-control:
      - no-cache
      content-security-policy:
      - frame-ancestors 'self'; report-uri https://api.datadoghq.com/csp-report
      pragma:
      - no-cache
      strict-transport-security:
      - max-age=15724800;
      x-content-type-options:
      - nosniff
      x-dd-debug:
      - 2328yjLSqI4XmR1pVqrPRR/SFcQsbafjEpPmZx7/3PfxUK1nJQQsX+wrMelyVyj+
      x-dd-version:
      - '35.4280781'
      x-frame-options:
      - SAMEORIGIN
      x-ratelimit-limit:
      - '400'
      x-ratelimit-period:
      - '3600'
      x-ratelimit-remaining:
      - '399'
      x-ratelimit-reset:
      - '2382'
    status:
      code: 201
      message: Created
- request:
    body: null
    headers:
      Accept:
      - application/json
      Content-Type:
      - application/json
      Dd-Operation-Id:
      - DeleteIncident
      User-Agent:
      - datadog-api-client-python/1.0.0b8.dev29 (python 3.8.8; os Darwin; arch x86_64)
    method: DELETE
    uri: https://api.datadoghq.com/api/v2/incidents/462718bd-e42c-5f64-b0f4-683d57dff151
  response:
    body:
      string: ''
    headers:
      Connection:
      - keep-alive
      Content-Length:
      - '0'
      Content-Type:
      - application/json
      Date:
      - Fri, 09 Apr 2021 20:20:19 GMT
      cache-control:
      - no-cache
      content-security-policy:
      - frame-ancestors 'self'; report-uri https://api.datadoghq.com/csp-report
      pragma:
      - no-cache
      strict-transport-security:
      - max-age=15724800;
      x-content-type-options:
      - nosniff
      x-dd-debug:
      - HbtaOKlJ6OCrx9tMXO6ivMTrEM+g0c93HDp08trmOmgdHozC5J+vn10F0H4WPjCU
      x-dd-version:
      - '35.4280781'
      x-frame-options:
      - SAMEORIGIN
      x-ratelimit-limit:
      - '400'
      x-ratelimit-period:
      - '60'
      x-ratelimit-remaining:
      - '399'
      x-ratelimit-reset:
      - '41'
    status:
      code: 204
      message: No Content
- request:
    body: null
    headers:
      Accept:
      - application/json
      Content-Type:
      - application/json
      Dd-Operation-Id:
      - DeleteIncident
      User-Agent:
      - datadog-api-client-python/1.0.0b8.dev29 (python 3.8.8; os Darwin; arch x86_64)
    method: DELETE
    uri: https://api.datadoghq.com/api/v2/incidents/462718bd-e42c-5f64-b0f4-683d57dff151
  response:
    body:
      string: '{"errors": ["incident 462718bd-e42c-5f64-b0f4-683d57dff151 not found"]}'
    headers:
      Connection:
      - keep-alive
      Content-Length:
      - '71'
      Content-Type:
      - application/json
      Date:
      - Fri, 09 Apr 2021 20:20:20 GMT
      cache-control:
      - no-cache
      content-security-policy:
      - frame-ancestors 'self'; report-uri https://api.datadoghq.com/csp-report
      pragma:
      - no-cache
      strict-transport-security:
      - max-age=15724800;
      vary:
      - Accept-Encoding
      x-content-type-options:
      - nosniff
      x-dd-version:
      - '35.4280781'
      x-frame-options:
      - SAMEORIGIN
      x-ratelimit-limit:
      - '400'
      x-ratelimit-period:
      - '60'
      x-ratelimit-remaining:
      - '398'
      x-ratelimit-reset:
      - '40'
    status:
      code: 404
      message: Not Found
version: 1
