interactions:
- request:
    body: '{"data":{"attributes":{"api_key":"fakekey","email":"dev@datadog.com","name":"testupdatecloudflareaccountreturnsbadrequestresponseduetomissingrequiredemail1674809954"},"type":"cloudflare-accounts"}}'
    headers:
      accept:
      - application/json
      content-type:
      - application/json
    method: POST
    uri: https://api.datadoghq.com/api/v2/integrations/cloudflare/accounts
  response:
    body:
      string: '{"data":{"attributes":{"email":"dev@datadog.com","name":"testupdatecloudflareaccountreturnsbadrequestresponseduetomissingrequiredemail1674809954"},"type":"cloudflare-accounts","id":"c588ce074fe908f56db516f007afd3fd"}}

        '
    headers:
      content-type:
      - application/json
    status:
      code: 201
      message: Created
- request:
    body: '{"data":{"attributes":{"api_key":"abcdefghijklmnopqrstuvwxyz"},"type":"cloudflare-accounts"}}'
    headers:
      accept:
      - application/json
      content-type:
      - application/json
    method: PATCH
    uri: https://api.datadoghq.com/api/v2/integrations/cloudflare/accounts/c588ce074fe908f56db516f007afd3fd
  response:
    body:
      string: '{"errors":["{u''_schema'': [''Email address is required if providing
        an api key and not an api token.'']}"]}'
    headers:
      content-type:
      - application/json
    status:
      code: 400
      message: Bad Request
- request:
    body: null
    headers:
      accept:
      - '*/*'
    method: DELETE
    uri: https://api.datadoghq.com/api/v2/integrations/cloudflare/accounts/c588ce074fe908f56db516f007afd3fd
  response:
    body:
      string: ''
    headers:
      content-type:
      - text/html; charset=utf-8
    status:
      code: 204
      message: No Content
version: 1
