interactions:
- request:
    body: '{"data":{"attributes":{"name":"Test-Delete_role_returns_OK_response-1618491751"},"type":"roles"}}'
    headers:
      accept:
      - application/json, */*;q=0.8
      connection:
      - close
      content-length:
      - '97'
      content-type:
      - application/json
      host:
      - api.datadoghq.com
      user-agent:
      - datadog-api-client-typescript/0.1.0 (node 15.11.0; os Darwin; arch x64)
      x-datadog-parent-id:
      - '5095942047695828255'
      x-datadog-trace-id:
      - '5095942047695828255'
    method: POST
    uri: https://api.datadoghq.com/api/v2/roles
  response:
    body:
      string: '{"data":{"type":"roles","id":"d6ae4ed4-9dea-11eb-9df5-da7ad0900002","attributes":{"name":"Test-Delete_role_returns_OK_response-1618491751","created_at":"2021-04-15T13:02:31.457841+00:00","modified_at":"2021-04-15T13:02:31.457841+00:00"},"relationships":{"permissions":{"data":[{"type":"permissions","id":"d90f6830-d3d8-11e9-a77a-b3404e5e9ee2"},{"type":"permissions","id":"4441648c-d8b1-11e9-a77a-1b899a04b304"},{"type":"permissions","id":"417ba636-2dce-11eb-84c0-6bce5b0d9de0"}]}}}}'
    headers:
      cache-control:
      - no-cache
      connection:
      - close
      content-length:
      - '482'
      content-security-policy:
      - frame-ancestors 'self'; report-uri https://api.datadoghq.com/csp-report
      content-type:
      - application/json
      date:
      - Thu, 15 Apr 2021 13:02:31 GMT
      pragma:
      - no-cache
      strict-transport-security:
      - max-age=15724800;
      vary:
      - Accept-Encoding
      x-content-type-options:
      - nosniff
      x-dd-debug:
      - dPySkcOzIZtKyMKDAAzuysY3gNGGj6RtYogGuSb76E8mPvoqzREyRp6lPYm91hQU
      x-dd-version:
      - '35.4318655'
      x-frame-options:
      - SAMEORIGIN
      x-ratelimit-limit:
      - '500'
      x-ratelimit-period:
      - '60'
      x-ratelimit-remaining:
      - '494'
      x-ratelimit-reset:
      - '29'
    status:
      code: 200
      message: OK
- request:
    body: null
    headers:
      accept:
      - application/json, */*;q=0.8
      connection:
      - close
      host:
      - api.datadoghq.com
      user-agent:
      - datadog-api-client-typescript/0.1.0 (node 15.11.0; os Darwin; arch x64)
      x-datadog-parent-id:
      - '5095942047695828255'
      x-datadog-trace-id:
      - '5095942047695828255'
    method: DELETE
    uri: https://api.datadoghq.com/api/v2/roles/d6ae4ed4-9dea-11eb-9df5-da7ad0900002
  response:
    body:
      string: ''
    headers:
      cache-control:
      - no-cache
      connection:
      - close
      content-length:
      - '0'
      content-security-policy:
      - frame-ancestors 'self'; report-uri https://api.datadoghq.com/csp-report
      content-type:
      - application/json
      date:
      - Thu, 15 Apr 2021 13:02:31 GMT
      pragma:
      - no-cache
      strict-transport-security:
      - max-age=15724800;
      x-content-type-options:
      - nosniff
      x-dd-debug:
      - SY1h8ScsWq+kYmtbh63ltMLFAZsQjqfrgvdfAoRX+9TzT1sgMBRYaFRwfWWRRe9a
      x-dd-version:
      - '35.4318655'
      x-frame-options:
      - SAMEORIGIN
      x-ratelimit-limit:
      - '500'
      x-ratelimit-period:
      - '60'
      x-ratelimit-remaining:
      - '493'
      x-ratelimit-reset:
      - '29'
    status:
      code: 204
      message: No Content
- request:
    body: null
    headers:
      accept:
      - application/json, */*;q=0.8
      connection:
      - close
      host:
      - api.datadoghq.com
      user-agent:
      - datadog-api-client-typescript/0.1.0 (node 15.11.0; os Darwin; arch x64)
      x-datadog-parent-id:
      - '5095942047695828255'
      x-datadog-trace-id:
      - '5095942047695828255'
    method: DELETE
    uri: https://api.datadoghq.com/api/v2/roles/d6ae4ed4-9dea-11eb-9df5-da7ad0900002
  response:
    body:
      string: '{"errors": ["The role d6ae4ed4-9dea-11eb-9df5-da7ad0900002 does not
        exist not found"]}'
    headers:
      cache-control:
      - no-cache
      connection:
      - close
      content-length:
      - '86'
      content-security-policy:
      - frame-ancestors 'self'; report-uri https://api.datadoghq.com/csp-report
      content-type:
      - application/json
      date:
      - Thu, 15 Apr 2021 13:02:32 GMT
      pragma:
      - no-cache
      strict-transport-security:
      - max-age=15724800;
      vary:
      - Accept-Encoding
      x-content-type-options:
      - nosniff
      x-dd-version:
      - '35.4318655'
      x-frame-options:
      - SAMEORIGIN
      x-ratelimit-limit:
      - '500'
      x-ratelimit-period:
      - '60'
      x-ratelimit-remaining:
      - '492'
      x-ratelimit-reset:
      - '28'
    status:
      code: 404
      message: Not Found
version: 1
