interactions:
- request:
    body: '{"data":{"attributes":{"dry_run":false,"env":"production","identifier":"my-gate","service":"my-service"},"type":"deployment_gate"}}'
    headers:
      accept:
      - application/json
      content-type:
      - application/json
    method: POST
    uri: https://api.datadoghq.com/api/v2/deployment_gates
  response:
    body:
      string: '{"data":{"id":"50df9de0-aa0c-4d7c-8fc8-811ee2ab4e56","type":"deployment_gate","attributes":{"created_at":"2025-10-28T14:51:16.752908Z","created_by":{"id":"9919ec9b-ebc7-49ee-8dc8-03626e717cca","name":"CI
        Account","handle":"9919ec9b-ebc7-49ee-8dc8-03626e717cca"},"dry_run":false,"env":"production","identifier":"my-gate","service":"my-service","updated_at":"2025-10-28T14:51:16.752908Z","updated_by":{"id":"9919ec9b-ebc7-49ee-8dc8-03626e717cca","name":"CI
        Account","handle":"9919ec9b-ebc7-49ee-8dc8-03626e717cca"}}}}'
    headers:
      content-type:
      - application/vnd.api+json
    status:
      code: 200
      message: OK
- request:
    body: '{"data":{"attributes":{"dry_run":false,"name":"My deployment rule","options":{"excluded_resources":[]},"type":"faulty_deployment_detection"},"type":"deployment_rule"}}'
    headers:
      accept:
      - application/json
      content-type:
      - application/json
    method: POST
    uri: https://api.datadoghq.com/api/v2/deployment_gates/50df9de0-aa0c-4d7c-8fc8-811ee2ab4e56/rules
  response:
    body:
      string: '{"data":{"id":"a38ab685-4ef9-4000-a938-740da6c37296","type":"deployment_rule","attributes":{"created_at":"2025-10-28T14:51:16.947341Z","created_by":{"id":"9919ec9b-ebc7-49ee-8dc8-03626e717cca","name":"CI
        Account","handle":"9919ec9b-ebc7-49ee-8dc8-03626e717cca"},"dry_run":false,"gate_id":"50df9de0-aa0c-4d7c-8fc8-811ee2ab4e56","name":"My
        deployment rule","options":{},"type":"faulty_deployment_detection","updated_at":"2025-10-28T14:51:16.947341Z","updated_by":{"id":"9919ec9b-ebc7-49ee-8dc8-03626e717cca","name":"CI
        Account","handle":"9919ec9b-ebc7-49ee-8dc8-03626e717cca"}}}}'
    headers:
      content-type:
      - application/vnd.api+json
    status:
      code: 200
      message: OK
- request:
    body: null
    headers:
      accept:
      - application/json
    method: GET
    uri: https://api.datadoghq.com/api/v2/deployment_gates/50df9de0-aa0c-4d7c-8fc8-811ee2ab4e56/rules/a38ab685-4ef9-4000-a938-740da6c37296
  response:
    body:
      string: '{"data":{"id":"a38ab685-4ef9-4000-a938-740da6c37296","type":"deployment_rule","attributes":{"created_at":"2025-10-28T14:51:16.947341Z","created_by":{"id":"9919ec9b-ebc7-49ee-8dc8-03626e717cca","name":"CI
        Account","handle":"9919ec9b-ebc7-49ee-8dc8-03626e717cca"},"dry_run":false,"gate_id":"50df9de0-aa0c-4d7c-8fc8-811ee2ab4e56","name":"My
        deployment rule","options":{},"type":"faulty_deployment_detection","updated_at":"2025-10-28T14:51:16.947341Z","updated_by":{"id":"9919ec9b-ebc7-49ee-8dc8-03626e717cca","name":"CI
        Account","handle":"9919ec9b-ebc7-49ee-8dc8-03626e717cca"}}}}'
    headers:
      content-type:
      - application/vnd.api+json
    status:
      code: 200
      message: OK
- request:
    body: null
    headers:
      accept:
      - '*/*'
    method: DELETE
    uri: https://api.datadoghq.com/api/v2/deployment_gates/50df9de0-aa0c-4d7c-8fc8-811ee2ab4e56/rules/a38ab685-4ef9-4000-a938-740da6c37296
  response:
    body:
      string: ''
    headers: {}
    status:
      code: 204
      message: No Content
- request:
    body: null
    headers:
      accept:
      - '*/*'
    method: DELETE
    uri: https://api.datadoghq.com/api/v2/deployment_gates/50df9de0-aa0c-4d7c-8fc8-811ee2ab4e56
  response:
    body:
      string: ''
    headers: {}
    status:
      code: 204
      message: No Content
version: 1
