interactions:
- request:
    body: '{"data":{"attributes":{"description":"My Agent rule","enabled":true,"expression":"exec.file.name
      == \"sh\"","name":"testdeleteacloudworkloadsecurityagentrulereturnsokresponse1652349081"},"type":"agent_rule"}}'
    headers:
      accept:
      - application/json
      content-type:
      - application/json
    method: POST
    uri: https://api.datadoghq.com/api/v2/security_monitoring/cloud_workload_security/agent_rules
  response:
    body:
      string: '{"data":{"attributes":{"category":"Process Activity","name":"testdeleteacloudworkloadsecurityagentrulereturnsokresponse1652349081","creator":{"handle":"frog@datadoghq.com","name":null},"description":"My
        Agent rule","enabled":true,"defaultRule":false,"version":1,"updater":{"handle":"frog@datadoghq.com","name":null},"updateDate":1652349082186,"creationDate":1652349082186,"expression":"exec.file.name
        == \"sh\""},"type":"agent_rule","id":"hqy-ez4-nci"}}'
    headers:
      content-type:
      - application/json;charset=utf-8
    status:
      code: 200
      message: OK
- request:
    body: null
    headers:
      accept:
      - '*/*'
    method: DELETE
    uri: https://api.datadoghq.com/api/v2/security_monitoring/cloud_workload_security/agent_rules/hqy-ez4-nci
  response:
    body:
      string: ''
    headers:
      content-type:
      - application/json;charset=utf-8
    status:
      code: 204
      message: No Content
- request:
    body: null
    headers:
      accept:
      - '*/*'
    method: DELETE
    uri: https://api.datadoghq.com/api/v2/security_monitoring/cloud_workload_security/agent_rules/hqy-ez4-nci
  response:
    body:
      string: '{"errors":["not_found(Agent rule not found: agentRuleId=hqy-ez4-nci)"]}'
    headers:
      content-type:
      - application/json
    status:
      code: 404
      message: Not Found
version: 1
