interactions:
- request:
    body: '{"data":{"attributes":{"description":"My agent policy","enabled":true,"hostTags":["env:staging"],"name":"testupdateaworkloadprotectionagentrulereturnsnotfoundresponse1760630600"},"type":"policy"}}'
    headers:
      accept:
      - application/json
      content-type:
      - application/json
    method: POST
    uri: https://api.datadoghq.com/api/v2/remote_config/products/cws/policy
  response:
    body:
      string: '{"data":{"id":"9yd-fit-o2r","type":"policy","attributes":{"blockingRulesCount":0,"datadogManaged":false,"description":"My
        agent policy","disabledRulesCount":1,"enabled":true,"hostTagsLists":[["env:staging"]],"monitoringRulesCount":7,"name":"testupdateaworkloadprotectionagentrulereturnsnotfoundresponse1760630600","pinned":false,"policyVersion":"1","ruleCount":8,"updateDate":1760630601105,"updater":{"name":"frog","handle":"frog@datadoghq.com"}}}}'
    headers:
      content-type:
      - application/json
    status:
      code: 200
      message: OK
- request:
    body: '{"data":{"attributes":{"description":"My Agent rule","enabled":true,"expression":"exec.file.name
      == \"sh\"","policy_id":"9yd-fit-o2r","product_tags":[]},"id":"non-existent-rule-id","type":"agent_rule"}}'
    headers:
      accept:
      - application/json
      content-type:
      - application/json
    method: PATCH
    uri: https://api.datadoghq.com/api/v2/remote_config/products/cws/agent_rules/non-existent-rule-id
  response:
    body:
      string: '{"errors":[{"title":"failed to update rule"}]}

        '
    headers:
      content-type:
      - application/json
    status:
      code: 404
      message: Not Found
- request:
    body: null
    headers:
      accept:
      - '*/*'
    method: DELETE
    uri: https://api.datadoghq.com/api/v2/remote_config/products/cws/policy/9yd-fit-o2r
  response:
    body:
      string: ''
    headers:
      content-type:
      - application/json
    status:
      code: 204
      message: No Content
version: 1
