interactions:
- request:
    body: '{"data":{"attributes":{"description":"My Agent rule","enabled":true,"expression":"exec.file.name
      == \"sh\"","name":"testgetacsmthreatsagentrulereturnsokresponse1713895067"},"type":"agent_rule"}}'
    headers:
      accept:
      - application/json
      content-type:
      - application/json
    method: POST
    uri: https://api.datadoghq.com/api/v2/remote_config/products/cws/agent_rules
  response:
    body:
      string: '{"data":{"id":"6wy-t98-466","type":"agent_rule","attributes":{"category":"Process
        Activity","creationDate":1713895067605,"creator":{"name":"","handle":"frog@datadoghq.com"},"defaultRule":false,"description":"My
        Agent rule","enabled":true,"expression":"exec.file.name == \"sh\"","filters":["os
        == \"linux\""],"name":"testgetacsmthreatsagentrulereturnsokresponse1713895067","updateDate":1713895067605,"updater":{"name":"","handle":"frog@datadoghq.com"}}}}'
    headers:
      content-type:
      - application/json
    status:
      code: 200
      message: OK
- request:
    body: null
    headers:
      accept:
      - application/json
    method: GET
    uri: https://api.datadoghq.com/api/v2/remote_config/products/cws/agent_rules/6wy-t98-466
  response:
    body:
      string: '{"data":{"id":"6wy-t98-466","type":"agent_rule","attributes":{"category":"Process
        Activity","creationDate":1713895067000,"creator":{"name":"","handle":"frog@datadoghq.com"},"defaultRule":false,"description":"My
        Agent rule","enabled":true,"expression":"exec.file.name == \"sh\"","filters":["os
        == \"linux\""],"name":"testgetacsmthreatsagentrulereturnsokresponse1713895067","updateDate":1713895067000,"updater":{"name":"","handle":"frog@datadoghq.com"}}}}'
    headers:
      content-type:
      - application/json
    status:
      code: 200
      message: OK
- request:
    body: null
    headers:
      accept:
      - '*/*'
    method: DELETE
    uri: https://api.datadoghq.com/api/v2/remote_config/products/cws/agent_rules/6wy-t98-466
  response:
    body:
      string: ''
    headers:
      content-type:
      - application/json
    status:
      code: 204
      message: No Content
version: 1
