interactions:
- request:
    body: '{"data":{"attributes":{"description":"","name":"Test Datastore","org_access":"contributor","primary_column_name":"id","primary_key_generation_strategy":"none"},"type":"datastores"}}'
    headers:
      accept:
      - application/json
      content-type:
      - application/json
    method: POST
    uri: https://api.datadoghq.com/api/v2/actions-datastores
  response:
    body:
      string: '{"data":{"id":"2b088869-d596-4103-9cff-038b5f81fc0c","type":"datastores"}}'
    headers:
      content-type:
      - application/vnd.api+json
    status:
      code: 200
      message: OK
- request:
    body: '{"data":{"attributes":{"item_keys":[]},"type":"items"}}'
    headers:
      accept:
      - application/json
      content-type:
      - application/json
    method: DELETE
    uri: https://api.datadoghq.com/api/v2/actions-datastores/2b088869-d596-4103-9cff-038b5f81fc0c/items/bulk
  response:
    body:
      string: '{"errors":[{"status":"400","id":"61325aff-aaa7-4571-80e2-e87ed8ffb103","title":"missing
        required field","detail":"at least one item key is required"}]}'
    headers:
      content-type:
      - application/vnd.api+json
    status:
      code: 400
      message: Bad Request
- request:
    body: null
    headers:
      accept:
      - '*/*'
    method: DELETE
    uri: https://api.datadoghq.com/api/v2/actions-datastores/2b088869-d596-4103-9cff-038b5f81fc0c
  response:
    body:
      string: '{"data":{"id":"2b088869-d596-4103-9cff-038b5f81fc0c","type":"datastores"}}'
    headers:
      content-type:
      - application/vnd.api+json
    status:
      code: 200
      message: OK
version: 1
