interactions:
- request:
    body: '{"data":{"attributes":{"customer_impacted":false,"title":"Test-Search_for_incidents_returns_OK_response-1771855611"},"type":"incidents"}}'
    headers:
      accept:
      - application/json
      content-type:
      - application/json
    method: POST
    uri: https://api.datadoghq.com/api/v2/incidents
  response:
    body:
      string: '{"data":{"type":"incidents","id":"ae9bf4be-cc56-5def-b363-1afe660c60a8","attributes":{"public_id":338025,"incident_type_uuid":"41d2e10b-4108-4736-92d7-791d00ea0702","title":"Test-Search_for_incidents_returns_OK_response-1771855611","resolved":null,"customer_impact_scope":null,"customer_impact_start":null,"customer_impact_end":null,"customer_impacted":false,"notification_handles":null,"last_modified_by":{"data":{"type":"users","id":"3ad549bf-eba0-11e9-a77a-0705486660d0","attributes":{"uuid":"3ad549bf-eba0-11e9-a77a-0705486660d0","handle":"frog@datadoghq.com","email":"frog@datadoghq.com","name":"frog","icon":"https://secure.gravatar.com/avatar/28a16dfe36e73b60c1d55872cb0f1172?s=48&d=retro"}}},"last_modified_by_uuid":null,"created":"2026-02-23T14:06:51.320944+00:00","modified":"2026-02-23T14:06:51.320944+00:00","commander":null,"detected":"2026-02-23T14:06:51.311326+00:00","created_by":{"data":{"type":"users","id":"3ad549bf-eba0-11e9-a77a-0705486660d0","attributes":{"uuid":"3ad549bf-eba0-11e9-a77a-0705486660d0","handle":"frog@datadoghq.com","email":"frog@datadoghq.com","name":"frog","icon":"https://secure.gravatar.com/avatar/28a16dfe36e73b60c1d55872cb0f1172?s=48&d=retro"}}},"created_by_uuid":null,"creation_idempotency_key":null,"customer_impact_duration":0,"time_to_detect":0,"time_to_repair":0,"time_to_internal_response":0,"time_to_resolve":0,"archived":null,"is_test":false,"declared":"2026-02-23T14:06:51.320944+00:00","declared_by":{"data":{"type":"users","id":"3ad549bf-eba0-11e9-a77a-0705486660d0","attributes":{"uuid":"3ad549bf-eba0-11e9-a77a-0705486660d0","handle":"frog@datadoghq.com","email":"frog@datadoghq.com","name":"frog","icon":"https://secure.gravatar.com/avatar/28a16dfe36e73b60c1d55872cb0f1172?s=48&d=retro"}}},"declared_by_uuid":null,"fields":{"teams":{"type":"autocomplete","value":null},"severity":{"type":"dropdown","value":"UNKNOWN"},"state":{"type":"dropdown","value":"active"},"detection_method":{"type":"dropdown","value":"unknown"},"root_cause":{"type":"textbox","value":null},"summary":{"type":"textbox","value":null},"services":{"type":"autocomplete","value":null},"slug":{"type":"textbox","value":"IR-338025"}},"field_analytics":null,"severity":"UNKNOWN","state":"active","non_datadog_creator":null,"visibility":"organization","case_id":null},"relationships":{"created_by_user":{"data":{"type":"users","id":"3ad549bf-eba0-11e9-a77a-0705486660d0"}},"last_modified_by_user":{"data":{"type":"users","id":"3ad549bf-eba0-11e9-a77a-0705486660d0"}},"commander_user":{"data":null},"declared_by_user":{"data":{"type":"users","id":"3ad549bf-eba0-11e9-a77a-0705486660d0"}},"user_defined_fields":{"data":[{"type":"user_defined_field","id":"3cbe9e60-d794-532c-acc0-73641f782813"},{"type":"user_defined_field","id":"33457d2a-570c-5567-b4af-979a2a8f1164"},{"type":"user_defined_field","id":"d003693c-bee9-5420-8d46-859269c20914"},{"type":"user_defined_field","id":"1ddff6f6-cb1f-51a0-9d81-dc18ef52cc9d"},{"type":"user_defined_field","id":"6bc9d32b-c2cd-591e-9b7a-74c886a5ddcf"},{"type":"user_defined_field","id":"95c53547-2ba3-5d8a-9c3b-cf245bc0c629"},{"type":"user_defined_field","id":"39044b03-cee4-555f-b1e0-3eb3aa759a86"},{"type":"user_defined_field","id":"2b9f1063-b915-4c7a-8bbd-fc3940245529"}]},"integrations":{"data":[]},"attachments":{"data":[]},"responders":{"data":[]},"impacts":{"data":[]}}}}

        '
    headers:
      content-type:
      - application/json
    status:
      code: 201
      message: Created
- request:
    body: null
    headers:
      accept:
      - application/json
    method: GET
    uri: https://api.datadoghq.com/api/v2/incidents/search?query=state%3A%28active%20OR%20stable%20OR%20resolved%29
  response:
    body:
      string: '{"data":{"type":"incidents_search_results","attributes":{"total":5,"facets":{"severity":[{"name":"SEV-5","count":4},{"name":"UNKNOWN","count":1},{"name":"SEV-1","count":0},{"name":"SEV-2","count":0},{"name":"SEV-3","count":0},{"name":"SEV-4","count":0}],"time_to_repair":[{"name":"time_to_repair","aggregates":{"min":null,"max":null}}],"visibility":[{"name":"organization","count":5}],"responder":[{"name":"example-create_an_incident_returns_created_response_1771235254@datadoghq.com","count":1,"handle":"example-create_an_incident_returns_created_response_1771235254@datadoghq.com","uuid":"677cf521-c579-4b83-988f-bf8eb6fb2d6c","email":"example-create_an_incident_returns_created_response_1771235254@datadoghq.com"}],"impact":[{"name":"none","count":5}],"time_to_detect":[{"name":"time_to_detect","aggregates":{"min":null,"max":null}}],"postmortem":[{"name":"No","count":5},{"name":"Yes","count":0}],"time_to_resolve":[{"name":"time_to_resolve","aggregates":{"min":null,"max":null}}],"is_test":[{"name":0,"count":5},{"name":true,"count":0}],"state":[{"name":"active","count":4},{"name":"resolved","count":1},{"name":"stable","count":0}],"customer_impacted":[{"name":0,"count":5},{"name":true,"count":0}],"fields":[{"name":"detection_method","facets":[{"name":"unknown","count":5},{"name":"customer","count":0},{"name":"employee","count":0},{"name":"monitor","count":0},{"name":"other","count":0}]},{"name":"root_cause","facets":[]},{"name":"services","facets":[]},{"name":"slug","facets":[{"name":"IR-336084","count":1},{"name":"IR-336102","count":1},{"name":"IR-336131","count":1},{"name":"IR-336149","count":1},{"name":"IR-336599","count":1}]},{"name":"summary","facets":[]},{"name":"teams","facets":[]}],"created_by":[{"name":"frog","count":5,"handle":"frog@datadoghq.com","uuid":"3ad549bf-eba0-11e9-a77a-0705486660d0","email":"frog@datadoghq.com"}],"declared_by":[{"name":"frog","count":5,"handle":"frog@datadoghq.com","uuid":"3ad549bf-eba0-11e9-a77a-0705486660d0","email":"frog@datadoghq.com"}],"last_modified_by":[{"name":"frog","count":5,"handle":"frog@datadoghq.com","uuid":"3ad549bf-eba0-11e9-a77a-0705486660d0","email":"frog@datadoghq.com"}],"commander":[{"name":"example-create_an_incident_returns_created_response_1771235254@datadoghq.com","count":1,"handle":"example-create_an_incident_returns_created_response_1771235254@datadoghq.com","uuid":"677cf521-c579-4b83-988f-bf8eb6fb2d6c","email":"example-create_an_incident_returns_created_response_1771235254@datadoghq.com"}],"incident_type":[{"name":"Security
        Incident","count":1,"id":"227f4739-de77-47ac-ac1b-5b0fd5497b54"},{"name":"[DO
        NOT EDIT] f044c1c56d438506","count":1,"id":"41d2e10b-4108-4736-92d7-791d00ea0702"},{"name":"Security
        Incident","count":1,"id":"b19568c3-f758-47f3-8359-b7d3136ee4ce"},{"name":"Security
        Incident","count":1,"id":"d5d8a5e6-0e41-4acb-bc80-e5476ba4711d"},{"name":"Security
        Incident","count":1,"id":"e571c40e-671e-468e-b2d2-49abcddb2730"}]},"incidents":[{"data":{"type":"incidents","attributes":{"modified":"2026-02-16T09:47:35+00:00","customer_impact_duration":0,"created_by_uuid":null,"declared_by":{"data":{"type":"users","attributes":{"name":"frog","email":"frog@datadoghq.com","handle":"frog@datadoghq.com","uuid":"3ad549bf-eba0-11e9-a77a-0705486660d0","icon":"https://secure.gravatar.com/avatar/28a16dfe36e73b60c1d55872cb0f1172?s=48&d=retro"},"id":"3ad549bf-eba0-11e9-a77a-0705486660d0"}},"resolved":null,"severity":"UNKNOWN","incident_type_uuid":"41d2e10b-4108-4736-92d7-791d00ea0702","fields":{"root_cause":{"type":"textbox","value":null},"severity":{"type":"dropdown","value":"UNKNOWN"},"state":{"type":"dropdown","value":"resolved"},"summary":{"type":"textbox","value":null},"teams":{"type":"autocomplete","value":null},"slug":{"type":"textbox","value":"IR-336599"},"detection_method":{"type":"dropdown","value":"unknown"},"services":{"type":"autocomplete","value":null}},"time_to_resolve":0,"non_datadog_creator":null,"detected":"2026-02-16T09:47:35+00:00","title":"Example-Create_an_incident_returns_CREATED_response_1771235254","notification_handles":null,"visibility":"organization","creation_idempotency_key":null,"customer_impacted":false,"last_modified_by_uuid":null,"customer_impact_end":null,"time_to_detect":0,"declared_by_uuid":null,"public_id":336599,"last_modified_by":{"data":{"type":"users","attributes":{"name":"frog","email":"frog@datadoghq.com","handle":"frog@datadoghq.com","uuid":"3ad549bf-eba0-11e9-a77a-0705486660d0","icon":"https://secure.gravatar.com/avatar/28a16dfe36e73b60c1d55872cb0f1172?s=48&d=retro"},"id":"3ad549bf-eba0-11e9-a77a-0705486660d0"}},"commander":{"data":{"type":"users","attributes":{"name":"","email":"example-create_an_incident_returns_created_response_1771235254@datadoghq.com","handle":"example-create_an_incident_returns_created_response_1771235254@datadoghq.com","uuid":"677cf521-c579-4b83-988f-bf8eb6fb2d6c","icon":"https://secure.gravatar.com/avatar/8d477f5bcc69ccd49bf802bca9cbac14?s=48&d=retro"},"id":"677cf521-c579-4b83-988f-bf8eb6fb2d6c"}},"customer_impact_scope":"","customer_impact_start":null,"archived":null,"state":"resolved","case_id":null,"time_to_repair":0,"is_test":false,"field_analytics":{"state":{"resolved":{"duration":0,"spans":[{"start":1771235256,"end":null}]}}},"time_to_internal_response":0,"created":"2026-02-16T09:47:35+00:00","created_by":{"data":{"type":"users","attributes":{"name":"frog","email":"frog@datadoghq.com","handle":"frog@datadoghq.com","uuid":"3ad549bf-eba0-11e9-a77a-0705486660d0","icon":"https://secure.gravatar.com/avatar/28a16dfe36e73b60c1d55872cb0f1172?s=48&d=retro"},"id":"3ad549bf-eba0-11e9-a77a-0705486660d0"}},"declared":"2026-02-16T09:47:35+00:00"},"relationships":{"impacts":{"data":[]},"commander_user":{"data":{"type":"users","id":"677cf521-c579-4b83-988f-bf8eb6fb2d6c"}},"user_defined_fields":{"data":[]},"responders":{"data":[{"type":"incident_responders","id":"f393bc25-a7d0-54f4-9114-98e6385143aa"}]},"created_by_user":{"data":{"type":"users","id":"3ad549bf-eba0-11e9-a77a-0705486660d0"}},"attachments":{"data":[]},"integrations":{"data":[]},"declared_by_user":{"data":{"type":"users","id":"3ad549bf-eba0-11e9-a77a-0705486660d0"}},"last_modified_by_user":{"data":{"type":"users","id":"3ad549bf-eba0-11e9-a77a-0705486660d0"}}},"id":"77afaefe-9585-5eba-9e1e-195149b3dc66"}},{"data":{"type":"incidents","attributes":{"modified":"2026-02-13T22:08:22+00:00","customer_impact_duration":0,"created_by_uuid":null,"declared_by":{"data":{"type":"users","attributes":{"name":"frog","email":"frog@datadoghq.com","handle":"frog@datadoghq.com","uuid":"3ad549bf-eba0-11e9-a77a-0705486660d0","icon":"https://secure.gravatar.com/avatar/28a16dfe36e73b60c1d55872cb0f1172?s=48&d=retro"},"id":"3ad549bf-eba0-11e9-a77a-0705486660d0"}},"resolved":null,"severity":"SEV-5","incident_type_uuid":"d5d8a5e6-0e41-4acb-bc80-e5476ba4711d","fields":{"summary":{"type":"textbox","value":null},"detection_method":{"type":"dropdown","value":"unknown"},"root_cause":{"type":"textbox","value":null},"slug":{"type":"textbox","value":"IR-336149"},"services":{"type":"autocomplete","value":null},"teams":{"type":"autocomplete","value":null},"state":{"type":"dropdown","value":"active"},"severity":{"type":"dropdown","value":"SEV-5"}},"time_to_resolve":0,"non_datadog_creator":null,"detected":"2025-01-01T00:00:00+00:00","title":"Test-Import_an_incident_returns_CREATED_response-1771020502","notification_handles":null,"visibility":"organization","creation_idempotency_key":null,"customer_impacted":false,"last_modified_by_uuid":null,"customer_impact_end":null,"time_to_detect":0,"declared_by_uuid":null,"public_id":336149,"last_modified_by":{"data":{"type":"users","attributes":{"name":"frog","email":"frog@datadoghq.com","handle":"frog@datadoghq.com","uuid":"3ad549bf-eba0-11e9-a77a-0705486660d0","icon":"https://secure.gravatar.com/avatar/28a16dfe36e73b60c1d55872cb0f1172?s=48&d=retro"},"id":"3ad549bf-eba0-11e9-a77a-0705486660d0"}},"commander":null,"customer_impact_scope":"","customer_impact_start":null,"archived":null,"state":"active","case_id":null,"time_to_repair":0,"is_test":false,"field_analytics":{"state":{"active":{"duration":0,"spans":[{"start":1735689600,"end":null},{"start":1735689600,"end":null}]}}},"time_to_internal_response":0,"created":"2026-02-13T22:08:22+00:00","created_by":{"data":{"type":"users","attributes":{"name":"frog","email":"frog@datadoghq.com","handle":"frog@datadoghq.com","uuid":"3ad549bf-eba0-11e9-a77a-0705486660d0","icon":"https://secure.gravatar.com/avatar/28a16dfe36e73b60c1d55872cb0f1172?s=48&d=retro"},"id":"3ad549bf-eba0-11e9-a77a-0705486660d0"}},"declared":"2025-01-01T00:00:00+00:00"},"relationships":{"impacts":{"data":[]},"commander_user":{"data":null},"user_defined_fields":{"data":[]},"responders":{"data":[]},"created_by_user":{"data":{"type":"users","id":"3ad549bf-eba0-11e9-a77a-0705486660d0"}},"attachments":{"data":[]},"integrations":{"data":[]},"declared_by_user":{"data":{"type":"users","id":"3ad549bf-eba0-11e9-a77a-0705486660d0"}},"last_modified_by_user":{"data":{"type":"users","id":"3ad549bf-eba0-11e9-a77a-0705486660d0"}}},"id":"405ffa23-71f5-4f91-942a-9bf8a0bfa581"}},{"data":{"type":"incidents","attributes":{"modified":"2026-02-13T22:00:49+00:00","customer_impact_duration":0,"created_by_uuid":null,"declared_by":{"data":{"type":"users","attributes":{"name":"frog","email":"frog@datadoghq.com","handle":"frog@datadoghq.com","uuid":"3ad549bf-eba0-11e9-a77a-0705486660d0","icon":"https://secure.gravatar.com/avatar/28a16dfe36e73b60c1d55872cb0f1172?s=48&d=retro"},"id":"3ad549bf-eba0-11e9-a77a-0705486660d0"}},"resolved":null,"severity":"SEV-5","incident_type_uuid":"e571c40e-671e-468e-b2d2-49abcddb2730","fields":{"root_cause":{"type":"textbox","value":null},"services":{"type":"autocomplete","value":null},"teams":{"type":"autocomplete","value":null},"slug":{"type":"textbox","value":"IR-336131"},"state":{"type":"dropdown","value":"active"},"severity":{"type":"dropdown","value":"SEV-5"},"detection_method":{"type":"dropdown","value":"unknown"},"summary":{"type":"textbox","value":null}},"time_to_resolve":0,"non_datadog_creator":null,"detected":"2025-01-01T00:00:00+00:00","title":"Test-Import_an_incident_returns_CREATED_response-1771020049","notification_handles":null,"visibility":"organization","creation_idempotency_key":null,"customer_impacted":false,"last_modified_by_uuid":null,"customer_impact_end":null,"time_to_detect":0,"declared_by_uuid":null,"public_id":336131,"last_modified_by":{"data":{"type":"users","attributes":{"name":"frog","email":"frog@datadoghq.com","handle":"frog@datadoghq.com","uuid":"3ad549bf-eba0-11e9-a77a-0705486660d0","icon":"https://secure.gravatar.com/avatar/28a16dfe36e73b60c1d55872cb0f1172?s=48&d=retro"},"id":"3ad549bf-eba0-11e9-a77a-0705486660d0"}},"commander":null,"customer_impact_scope":"","customer_impact_start":null,"archived":null,"state":"active","case_id":null,"time_to_repair":0,"is_test":false,"field_analytics":{"state":{"active":{"duration":0,"spans":[{"start":1735689600,"end":null},{"start":1735689600,"end":null}]}}},"time_to_internal_response":0,"created":"2026-02-13T22:00:49+00:00","created_by":{"data":{"type":"users","attributes":{"name":"frog","email":"frog@datadoghq.com","handle":"frog@datadoghq.com","uuid":"3ad549bf-eba0-11e9-a77a-0705486660d0","icon":"https://secure.gravatar.com/avatar/28a16dfe36e73b60c1d55872cb0f1172?s=48&d=retro"},"id":"3ad549bf-eba0-11e9-a77a-0705486660d0"}},"declared":"2025-01-01T00:00:00+00:00"},"relationships":{"impacts":{"data":[]},"commander_user":{"data":null},"user_defined_fields":{"data":[]},"responders":{"data":[]},"created_by_user":{"data":{"type":"users","id":"3ad549bf-eba0-11e9-a77a-0705486660d0"}},"attachments":{"data":[]},"integrations":{"data":[]},"declared_by_user":{"data":{"type":"users","id":"3ad549bf-eba0-11e9-a77a-0705486660d0"}},"last_modified_by_user":{"data":{"type":"users","id":"3ad549bf-eba0-11e9-a77a-0705486660d0"}}},"id":"fb49e1f3-89af-496f-9587-107ea13b9adc"}},{"data":{"type":"incidents","attributes":{"modified":"2026-02-13T20:39:48+00:00","customer_impact_duration":0,"created_by_uuid":null,"declared_by":{"data":{"type":"users","attributes":{"name":"frog","email":"frog@datadoghq.com","handle":"frog@datadoghq.com","uuid":"3ad549bf-eba0-11e9-a77a-0705486660d0","icon":"https://secure.gravatar.com/avatar/28a16dfe36e73b60c1d55872cb0f1172?s=48&d=retro"},"id":"3ad549bf-eba0-11e9-a77a-0705486660d0"}},"resolved":null,"severity":"SEV-5","incident_type_uuid":"b19568c3-f758-47f3-8359-b7d3136ee4ce","fields":{"summary":{"type":"textbox","value":null},"services":{"type":"autocomplete","value":null},"teams":{"type":"autocomplete","value":null},"slug":{"type":"textbox","value":"IR-336102"},"state":{"type":"dropdown","value":"active"},"detection_method":{"type":"dropdown","value":"unknown"},"root_cause":{"type":"textbox","value":null},"severity":{"type":"dropdown","value":"SEV-5"}},"time_to_resolve":0,"non_datadog_creator":null,"detected":"2025-01-01T00:00:00+00:00","title":"Test-Import_an_incident_returns_CREATED_response-1771015188","notification_handles":null,"visibility":"organization","creation_idempotency_key":null,"customer_impacted":false,"last_modified_by_uuid":null,"customer_impact_end":null,"time_to_detect":0,"declared_by_uuid":null,"public_id":336102,"last_modified_by":{"data":{"type":"users","attributes":{"name":"frog","email":"frog@datadoghq.com","handle":"frog@datadoghq.com","uuid":"3ad549bf-eba0-11e9-a77a-0705486660d0","icon":"https://secure.gravatar.com/avatar/28a16dfe36e73b60c1d55872cb0f1172?s=48&d=retro"},"id":"3ad549bf-eba0-11e9-a77a-0705486660d0"}},"commander":null,"customer_impact_scope":"","customer_impact_start":null,"archived":null,"state":"active","case_id":null,"time_to_repair":0,"is_test":false,"field_analytics":{"state":{"active":{"duration":0,"spans":[{"start":1735689600,"end":null},{"start":1735689600,"end":null}]}}},"time_to_internal_response":0,"created":"2026-02-13T20:39:48+00:00","created_by":{"data":{"type":"users","attributes":{"name":"frog","email":"frog@datadoghq.com","handle":"frog@datadoghq.com","uuid":"3ad549bf-eba0-11e9-a77a-0705486660d0","icon":"https://secure.gravatar.com/avatar/28a16dfe36e73b60c1d55872cb0f1172?s=48&d=retro"},"id":"3ad549bf-eba0-11e9-a77a-0705486660d0"}},"declared":"2025-01-01T00:00:00+00:00"},"relationships":{"impacts":{"data":[]},"commander_user":{"data":null},"user_defined_fields":{"data":[]},"responders":{"data":[]},"created_by_user":{"data":{"type":"users","id":"3ad549bf-eba0-11e9-a77a-0705486660d0"}},"attachments":{"data":[]},"integrations":{"data":[]},"declared_by_user":{"data":{"type":"users","id":"3ad549bf-eba0-11e9-a77a-0705486660d0"}},"last_modified_by_user":{"data":{"type":"users","id":"3ad549bf-eba0-11e9-a77a-0705486660d0"}}},"id":"cdb0f1f2-33ce-4465-85ea-fc8aa3f85d21"}},{"data":{"type":"incidents","attributes":{"modified":"2026-02-13T20:38:19+00:00","customer_impact_duration":0,"created_by_uuid":null,"declared_by":{"data":{"type":"users","attributes":{"name":"frog","email":"frog@datadoghq.com","handle":"frog@datadoghq.com","uuid":"3ad549bf-eba0-11e9-a77a-0705486660d0","icon":"https://secure.gravatar.com/avatar/28a16dfe36e73b60c1d55872cb0f1172?s=48&d=retro"},"id":"3ad549bf-eba0-11e9-a77a-0705486660d0"}},"resolved":null,"severity":"SEV-5","incident_type_uuid":"227f4739-de77-47ac-ac1b-5b0fd5497b54","fields":{"summary":{"type":"textbox","value":null},"teams":{"type":"autocomplete","value":null},"slug":{"type":"textbox","value":"IR-336084"},"severity":{"type":"dropdown","value":"SEV-5"},"detection_method":{"type":"dropdown","value":"unknown"},"root_cause":{"type":"textbox","value":null},"services":{"type":"autocomplete","value":null},"state":{"type":"dropdown","value":"active"}},"time_to_resolve":0,"non_datadog_creator":null,"detected":"2025-01-01T00:00:00+00:00","title":"Test-Import_an_incident_returns_CREATED_response-1771015099","notification_handles":null,"visibility":"organization","creation_idempotency_key":null,"customer_impacted":false,"last_modified_by_uuid":null,"customer_impact_end":null,"time_to_detect":0,"declared_by_uuid":null,"public_id":336084,"last_modified_by":{"data":{"type":"users","attributes":{"name":"frog","email":"frog@datadoghq.com","handle":"frog@datadoghq.com","uuid":"3ad549bf-eba0-11e9-a77a-0705486660d0","icon":"https://secure.gravatar.com/avatar/28a16dfe36e73b60c1d55872cb0f1172?s=48&d=retro"},"id":"3ad549bf-eba0-11e9-a77a-0705486660d0"}},"commander":null,"customer_impact_scope":"","customer_impact_start":null,"archived":null,"state":"active","case_id":null,"time_to_repair":0,"is_test":false,"field_analytics":{"state":{"active":{"duration":0,"spans":[{"start":1735689600,"end":null},{"start":1735689600,"end":null}]}}},"time_to_internal_response":0,"created":"2026-02-13T20:38:19+00:00","created_by":{"data":{"type":"users","attributes":{"name":"frog","email":"frog@datadoghq.com","handle":"frog@datadoghq.com","uuid":"3ad549bf-eba0-11e9-a77a-0705486660d0","icon":"https://secure.gravatar.com/avatar/28a16dfe36e73b60c1d55872cb0f1172?s=48&d=retro"},"id":"3ad549bf-eba0-11e9-a77a-0705486660d0"}},"declared":"2025-01-01T00:00:00+00:00"},"relationships":{"impacts":{"data":[]},"commander_user":{"data":null},"user_defined_fields":{"data":[]},"responders":{"data":[]},"created_by_user":{"data":{"type":"users","id":"3ad549bf-eba0-11e9-a77a-0705486660d0"}},"attachments":{"data":[]},"integrations":{"data":[]},"declared_by_user":{"data":{"type":"users","id":"3ad549bf-eba0-11e9-a77a-0705486660d0"}},"last_modified_by_user":{"data":{"type":"users","id":"3ad549bf-eba0-11e9-a77a-0705486660d0"}}},"id":"d3c614dc-93e7-4648-b104-b4047548deca"}}]},"relationships":{"incidents_relationship":{"data":[{"type":"incidents","id":"77afaefe-9585-5eba-9e1e-195149b3dc66"},{"type":"incidents","id":"405ffa23-71f5-4f91-942a-9bf8a0bfa581"},{"type":"incidents","id":"fb49e1f3-89af-496f-9587-107ea13b9adc"},{"type":"incidents","id":"cdb0f1f2-33ce-4465-85ea-fc8aa3f85d21"},{"type":"incidents","id":"d3c614dc-93e7-4648-b104-b4047548deca"}]}}},"included":[{"type":"incidents","id":"77afaefe-9585-5eba-9e1e-195149b3dc66","attributes":{"public_id":336599,"incident_type_uuid":"41d2e10b-4108-4736-92d7-791d00ea0702","title":"Example-Create_an_incident_returns_CREATED_response_1771235254","resolved":null,"customer_impact_scope":"","customer_impact_start":null,"customer_impact_end":null,"customer_impacted":false,"notification_handles":null,"last_modified_by":{"data":{"type":"users","id":"3ad549bf-eba0-11e9-a77a-0705486660d0","attributes":{"uuid":"3ad549bf-eba0-11e9-a77a-0705486660d0","handle":"frog@datadoghq.com","email":"frog@datadoghq.com","name":"frog","icon":"https://secure.gravatar.com/avatar/28a16dfe36e73b60c1d55872cb0f1172?s=48&d=retro"}}},"last_modified_by_uuid":null,"created":"2026-02-16T09:47:35+00:00","modified":"2026-02-16T09:47:35+00:00","commander":{"data":{"type":"users","id":"677cf521-c579-4b83-988f-bf8eb6fb2d6c","attributes":{"uuid":"677cf521-c579-4b83-988f-bf8eb6fb2d6c","handle":"example-create_an_incident_returns_created_response_1771235254@datadoghq.com","email":"example-create_an_incident_returns_created_response_1771235254@datadoghq.com","name":"","icon":"https://secure.gravatar.com/avatar/8d477f5bcc69ccd49bf802bca9cbac14?s=48&d=retro"}}},"detected":"2026-02-16T09:47:35+00:00","created_by":{"data":{"type":"users","id":"3ad549bf-eba0-11e9-a77a-0705486660d0","attributes":{"uuid":"3ad549bf-eba0-11e9-a77a-0705486660d0","handle":"frog@datadoghq.com","email":"frog@datadoghq.com","name":"frog","icon":"https://secure.gravatar.com/avatar/28a16dfe36e73b60c1d55872cb0f1172?s=48&d=retro"}}},"created_by_uuid":null,"creation_idempotency_key":null,"customer_impact_duration":0,"time_to_detect":0,"time_to_repair":0,"time_to_internal_response":0,"time_to_resolve":0,"archived":null,"is_test":false,"declared":"2026-02-16T09:47:35+00:00","declared_by":{"data":{"type":"users","id":"3ad549bf-eba0-11e9-a77a-0705486660d0","attributes":{"uuid":"3ad549bf-eba0-11e9-a77a-0705486660d0","handle":"frog@datadoghq.com","email":"frog@datadoghq.com","name":"frog","icon":"https://secure.gravatar.com/avatar/28a16dfe36e73b60c1d55872cb0f1172?s=48&d=retro"}}},"declared_by_uuid":null,"fields":{"root_cause":{"type":"textbox","value":null},"severity":{"type":"dropdown","value":"UNKNOWN"},"state":{"type":"dropdown","value":"resolved"},"summary":{"type":"textbox","value":null},"teams":{"type":"autocomplete","value":null},"slug":{"type":"textbox","value":"IR-336599"},"detection_method":{"type":"dropdown","value":"unknown"},"services":{"type":"autocomplete","value":null}},"field_analytics":{"state":{"resolved":{"duration":0,"spans":[{"start":1771235256,"end":null}]}}},"severity":"UNKNOWN","state":"resolved","non_datadog_creator":null,"visibility":"organization","case_id":null},"relationships":{"created_by_user":{"data":{"type":"users","id":"3ad549bf-eba0-11e9-a77a-0705486660d0"}},"last_modified_by_user":{"data":{"type":"users","id":"3ad549bf-eba0-11e9-a77a-0705486660d0"}},"commander_user":{"data":{"type":"users","id":"677cf521-c579-4b83-988f-bf8eb6fb2d6c"}},"declared_by_user":{"data":{"type":"users","id":"3ad549bf-eba0-11e9-a77a-0705486660d0"}},"user_defined_fields":{"data":[]},"integrations":{"data":[]},"attachments":{"data":[]},"responders":{"data":[{"type":"incident_responders","id":"f393bc25-a7d0-54f4-9114-98e6385143aa"}]},"impacts":{"data":[]}}},{"type":"incidents","id":"405ffa23-71f5-4f91-942a-9bf8a0bfa581","attributes":{"public_id":336149,"incident_type_uuid":"d5d8a5e6-0e41-4acb-bc80-e5476ba4711d","title":"Test-Import_an_incident_returns_CREATED_response-1771020502","resolved":null,"customer_impact_scope":"","customer_impact_start":null,"customer_impact_end":null,"customer_impacted":false,"notification_handles":null,"last_modified_by":{"data":{"type":"users","id":"3ad549bf-eba0-11e9-a77a-0705486660d0","attributes":{"uuid":"3ad549bf-eba0-11e9-a77a-0705486660d0","handle":"frog@datadoghq.com","email":"frog@datadoghq.com","name":"frog","icon":"https://secure.gravatar.com/avatar/28a16dfe36e73b60c1d55872cb0f1172?s=48&d=retro"}}},"last_modified_by_uuid":null,"created":"2026-02-13T22:08:22+00:00","modified":"2026-02-13T22:08:22+00:00","commander":null,"detected":"2025-01-01T00:00:00+00:00","created_by":{"data":{"type":"users","id":"3ad549bf-eba0-11e9-a77a-0705486660d0","attributes":{"uuid":"3ad549bf-eba0-11e9-a77a-0705486660d0","handle":"frog@datadoghq.com","email":"frog@datadoghq.com","name":"frog","icon":"https://secure.gravatar.com/avatar/28a16dfe36e73b60c1d55872cb0f1172?s=48&d=retro"}}},"created_by_uuid":null,"creation_idempotency_key":null,"customer_impact_duration":0,"time_to_detect":0,"time_to_repair":0,"time_to_internal_response":0,"time_to_resolve":0,"archived":null,"is_test":false,"declared":"2025-01-01T00:00:00+00:00","declared_by":{"data":{"type":"users","id":"3ad549bf-eba0-11e9-a77a-0705486660d0","attributes":{"uuid":"3ad549bf-eba0-11e9-a77a-0705486660d0","handle":"frog@datadoghq.com","email":"frog@datadoghq.com","name":"frog","icon":"https://secure.gravatar.com/avatar/28a16dfe36e73b60c1d55872cb0f1172?s=48&d=retro"}}},"declared_by_uuid":null,"fields":{"summary":{"type":"textbox","value":null},"detection_method":{"type":"dropdown","value":"unknown"},"root_cause":{"type":"textbox","value":null},"slug":{"type":"textbox","value":"IR-336149"},"services":{"type":"autocomplete","value":null},"teams":{"type":"autocomplete","value":null},"state":{"type":"dropdown","value":"active"},"severity":{"type":"dropdown","value":"SEV-5"}},"field_analytics":{"state":{"active":{"duration":0,"spans":[{"start":1735689600,"end":null},{"start":1735689600,"end":null}]}}},"severity":"SEV-5","state":"active","non_datadog_creator":null,"visibility":"organization","case_id":null},"relationships":{"created_by_user":{"data":{"type":"users","id":"3ad549bf-eba0-11e9-a77a-0705486660d0"}},"last_modified_by_user":{"data":{"type":"users","id":"3ad549bf-eba0-11e9-a77a-0705486660d0"}},"commander_user":{"data":null},"declared_by_user":{"data":{"type":"users","id":"3ad549bf-eba0-11e9-a77a-0705486660d0"}},"user_defined_fields":{"data":[]},"integrations":{"data":[]},"attachments":{"data":[]},"responders":{"data":[]},"impacts":{"data":[]}}},{"type":"incidents","id":"fb49e1f3-89af-496f-9587-107ea13b9adc","attributes":{"public_id":336131,"incident_type_uuid":"e571c40e-671e-468e-b2d2-49abcddb2730","title":"Test-Import_an_incident_returns_CREATED_response-1771020049","resolved":null,"customer_impact_scope":"","customer_impact_start":null,"customer_impact_end":null,"customer_impacted":false,"notification_handles":null,"last_modified_by":{"data":{"type":"users","id":"3ad549bf-eba0-11e9-a77a-0705486660d0","attributes":{"uuid":"3ad549bf-eba0-11e9-a77a-0705486660d0","handle":"frog@datadoghq.com","email":"frog@datadoghq.com","name":"frog","icon":"https://secure.gravatar.com/avatar/28a16dfe36e73b60c1d55872cb0f1172?s=48&d=retro"}}},"last_modified_by_uuid":null,"created":"2026-02-13T22:00:49+00:00","modified":"2026-02-13T22:00:49+00:00","commander":null,"detected":"2025-01-01T00:00:00+00:00","created_by":{"data":{"type":"users","id":"3ad549bf-eba0-11e9-a77a-0705486660d0","attributes":{"uuid":"3ad549bf-eba0-11e9-a77a-0705486660d0","handle":"frog@datadoghq.com","email":"frog@datadoghq.com","name":"frog","icon":"https://secure.gravatar.com/avatar/28a16dfe36e73b60c1d55872cb0f1172?s=48&d=retro"}}},"created_by_uuid":null,"creation_idempotency_key":null,"customer_impact_duration":0,"time_to_detect":0,"time_to_repair":0,"time_to_internal_response":0,"time_to_resolve":0,"archived":null,"is_test":false,"declared":"2025-01-01T00:00:00+00:00","declared_by":{"data":{"type":"users","id":"3ad549bf-eba0-11e9-a77a-0705486660d0","attributes":{"uuid":"3ad549bf-eba0-11e9-a77a-0705486660d0","handle":"frog@datadoghq.com","email":"frog@datadoghq.com","name":"frog","icon":"https://secure.gravatar.com/avatar/28a16dfe36e73b60c1d55872cb0f1172?s=48&d=retro"}}},"declared_by_uuid":null,"fields":{"root_cause":{"type":"textbox","value":null},"services":{"type":"autocomplete","value":null},"teams":{"type":"autocomplete","value":null},"slug":{"type":"textbox","value":"IR-336131"},"state":{"type":"dropdown","value":"active"},"severity":{"type":"dropdown","value":"SEV-5"},"detection_method":{"type":"dropdown","value":"unknown"},"summary":{"type":"textbox","value":null}},"field_analytics":{"state":{"active":{"duration":0,"spans":[{"start":1735689600,"end":null},{"start":1735689600,"end":null}]}}},"severity":"SEV-5","state":"active","non_datadog_creator":null,"visibility":"organization","case_id":null},"relationships":{"created_by_user":{"data":{"type":"users","id":"3ad549bf-eba0-11e9-a77a-0705486660d0"}},"last_modified_by_user":{"data":{"type":"users","id":"3ad549bf-eba0-11e9-a77a-0705486660d0"}},"commander_user":{"data":null},"declared_by_user":{"data":{"type":"users","id":"3ad549bf-eba0-11e9-a77a-0705486660d0"}},"user_defined_fields":{"data":[]},"integrations":{"data":[]},"attachments":{"data":[]},"responders":{"data":[]},"impacts":{"data":[]}}},{"type":"incidents","id":"cdb0f1f2-33ce-4465-85ea-fc8aa3f85d21","attributes":{"public_id":336102,"incident_type_uuid":"b19568c3-f758-47f3-8359-b7d3136ee4ce","title":"Test-Import_an_incident_returns_CREATED_response-1771015188","resolved":null,"customer_impact_scope":"","customer_impact_start":null,"customer_impact_end":null,"customer_impacted":false,"notification_handles":null,"last_modified_by":{"data":{"type":"users","id":"3ad549bf-eba0-11e9-a77a-0705486660d0","attributes":{"uuid":"3ad549bf-eba0-11e9-a77a-0705486660d0","handle":"frog@datadoghq.com","email":"frog@datadoghq.com","name":"frog","icon":"https://secure.gravatar.com/avatar/28a16dfe36e73b60c1d55872cb0f1172?s=48&d=retro"}}},"last_modified_by_uuid":null,"created":"2026-02-13T20:39:48+00:00","modified":"2026-02-13T20:39:48+00:00","commander":null,"detected":"2025-01-01T00:00:00+00:00","created_by":{"data":{"type":"users","id":"3ad549bf-eba0-11e9-a77a-0705486660d0","attributes":{"uuid":"3ad549bf-eba0-11e9-a77a-0705486660d0","handle":"frog@datadoghq.com","email":"frog@datadoghq.com","name":"frog","icon":"https://secure.gravatar.com/avatar/28a16dfe36e73b60c1d55872cb0f1172?s=48&d=retro"}}},"created_by_uuid":null,"creation_idempotency_key":null,"customer_impact_duration":0,"time_to_detect":0,"time_to_repair":0,"time_to_internal_response":0,"time_to_resolve":0,"archived":null,"is_test":false,"declared":"2025-01-01T00:00:00+00:00","declared_by":{"data":{"type":"users","id":"3ad549bf-eba0-11e9-a77a-0705486660d0","attributes":{"uuid":"3ad549bf-eba0-11e9-a77a-0705486660d0","handle":"frog@datadoghq.com","email":"frog@datadoghq.com","name":"frog","icon":"https://secure.gravatar.com/avatar/28a16dfe36e73b60c1d55872cb0f1172?s=48&d=retro"}}},"declared_by_uuid":null,"fields":{"summary":{"type":"textbox","value":null},"services":{"type":"autocomplete","value":null},"teams":{"type":"autocomplete","value":null},"slug":{"type":"textbox","value":"IR-336102"},"state":{"type":"dropdown","value":"active"},"detection_method":{"type":"dropdown","value":"unknown"},"root_cause":{"type":"textbox","value":null},"severity":{"type":"dropdown","value":"SEV-5"}},"field_analytics":{"state":{"active":{"duration":0,"spans":[{"start":1735689600,"end":null},{"start":1735689600,"end":null}]}}},"severity":"SEV-5","state":"active","non_datadog_creator":null,"visibility":"organization","case_id":null},"relationships":{"created_by_user":{"data":{"type":"users","id":"3ad549bf-eba0-11e9-a77a-0705486660d0"}},"last_modified_by_user":{"data":{"type":"users","id":"3ad549bf-eba0-11e9-a77a-0705486660d0"}},"commander_user":{"data":null},"declared_by_user":{"data":{"type":"users","id":"3ad549bf-eba0-11e9-a77a-0705486660d0"}},"user_defined_fields":{"data":[]},"integrations":{"data":[]},"attachments":{"data":[]},"responders":{"data":[]},"impacts":{"data":[]}}},{"type":"incidents","id":"d3c614dc-93e7-4648-b104-b4047548deca","attributes":{"public_id":336084,"incident_type_uuid":"227f4739-de77-47ac-ac1b-5b0fd5497b54","title":"Test-Import_an_incident_returns_CREATED_response-1771015099","resolved":null,"customer_impact_scope":"","customer_impact_start":null,"customer_impact_end":null,"customer_impacted":false,"notification_handles":null,"last_modified_by":{"data":{"type":"users","id":"3ad549bf-eba0-11e9-a77a-0705486660d0","attributes":{"uuid":"3ad549bf-eba0-11e9-a77a-0705486660d0","handle":"frog@datadoghq.com","email":"frog@datadoghq.com","name":"frog","icon":"https://secure.gravatar.com/avatar/28a16dfe36e73b60c1d55872cb0f1172?s=48&d=retro"}}},"last_modified_by_uuid":null,"created":"2026-02-13T20:38:19+00:00","modified":"2026-02-13T20:38:19+00:00","commander":null,"detected":"2025-01-01T00:00:00+00:00","created_by":{"data":{"type":"users","id":"3ad549bf-eba0-11e9-a77a-0705486660d0","attributes":{"uuid":"3ad549bf-eba0-11e9-a77a-0705486660d0","handle":"frog@datadoghq.com","email":"frog@datadoghq.com","name":"frog","icon":"https://secure.gravatar.com/avatar/28a16dfe36e73b60c1d55872cb0f1172?s=48&d=retro"}}},"created_by_uuid":null,"creation_idempotency_key":null,"customer_impact_duration":0,"time_to_detect":0,"time_to_repair":0,"time_to_internal_response":0,"time_to_resolve":0,"archived":null,"is_test":false,"declared":"2025-01-01T00:00:00+00:00","declared_by":{"data":{"type":"users","id":"3ad549bf-eba0-11e9-a77a-0705486660d0","attributes":{"uuid":"3ad549bf-eba0-11e9-a77a-0705486660d0","handle":"frog@datadoghq.com","email":"frog@datadoghq.com","name":"frog","icon":"https://secure.gravatar.com/avatar/28a16dfe36e73b60c1d55872cb0f1172?s=48&d=retro"}}},"declared_by_uuid":null,"fields":{"summary":{"type":"textbox","value":null},"teams":{"type":"autocomplete","value":null},"slug":{"type":"textbox","value":"IR-336084"},"severity":{"type":"dropdown","value":"SEV-5"},"detection_method":{"type":"dropdown","value":"unknown"},"root_cause":{"type":"textbox","value":null},"services":{"type":"autocomplete","value":null},"state":{"type":"dropdown","value":"active"}},"field_analytics":{"state":{"active":{"duration":0,"spans":[{"start":1735689600,"end":null},{"start":1735689600,"end":null}]}}},"severity":"SEV-5","state":"active","non_datadog_creator":null,"visibility":"organization","case_id":null},"relationships":{"created_by_user":{"data":{"type":"users","id":"3ad549bf-eba0-11e9-a77a-0705486660d0"}},"last_modified_by_user":{"data":{"type":"users","id":"3ad549bf-eba0-11e9-a77a-0705486660d0"}},"commander_user":{"data":null},"declared_by_user":{"data":{"type":"users","id":"3ad549bf-eba0-11e9-a77a-0705486660d0"}},"user_defined_fields":{"data":[]},"integrations":{"data":[]},"attachments":{"data":[]},"responders":{"data":[]},"impacts":{"data":[]}}}],"meta":{"pagination":{"offset":0,"next_offset":5,"size":5}}}

        '
    headers:
      content-type:
      - application/json
    status:
      code: 200
      message: OK
- request:
    body: null
    headers:
      accept:
      - '*/*'
    method: DELETE
    uri: https://api.datadoghq.com/api/v2/incidents/ae9bf4be-cc56-5def-b363-1afe660c60a8
  response:
    body:
      string: ''
    headers:
      content-type:
      - text/html; charset=utf-8
    status:
      code: 204
      message: No Content
version: 1
