interactions:
- request:
    body: '{"data":{"attributes":{"name":"Test-Delete_organization_handle_returns_OK_response-1770751029","space_resource_name":"spaces/AAQA-zFIks8"}},"type":"google-chat-organization-handle"}'
    headers:
      accept:
      - application/json
      content-type:
      - application/json
    method: POST
    uri: https://api.datadoghq.com/api/v2/integration/google-chat/organizations/e54cb570-c674-529c-769d-84b312288ed7/organization-handles
  response:
    body:
      string: '{"data":{"id":"e70e04d1-7547-47de-ad3b-41a345fd1abe","type":"google-chat-organization-handle","attributes":{"name":"Test-Delete_organization_handle_returns_OK_response-1770751029","space_display_name":"api-test-space","space_resource_name":"spaces/AAQA-zFIks8"}}}'
    headers:
      content-type:
      - application/vnd.api+json
    status:
      code: 201
      message: Created
- request:
    body: null
    headers:
      accept:
      - '*/*'
    method: DELETE
    uri: https://api.datadoghq.com/api/v2/integration/google-chat/organizations/e54cb570-c674-529c-769d-84b312288ed7/organization-handles/e70e04d1-7547-47de-ad3b-41a345fd1abe
  response:
    body:
      string: ''
    headers: {}
    status:
      code: 204
      message: No Content
- request:
    body: null
    headers:
      accept:
      - '*/*'
    method: DELETE
    uri: https://api.datadoghq.com/api/v2/integration/google-chat/organizations/e54cb570-c674-529c-769d-84b312288ed7/organization-handles/e70e04d1-7547-47de-ad3b-41a345fd1abe
  response:
    body:
      string: ''
    headers: {}
    status:
      code: 204
      message: No Content
version: 1
