interactions:
- request:
    body: '{"data":{"attributes":{"handle":"test-handle-62f52dee42c1d7dc","name":"test-name-62f52dee42c1d7dc"},"type":"team"}}'
    headers:
      accept:
      - application/json
      content-type:
      - application/json
    method: POST
    uri: https://api.datadoghq.com/api/v2/team
  response:
    body:
      string: '{"data":{"type":"team","id":"3426dddc-405b-11ee-818a-da7ad0900002","attributes":{"name":"test-name-62f52dee42c1d7dc","handle":"test-handle-62f52dee42c1d7dc","summary":null,"description":null,"avatar":null,"banner":null,"visible_modules":[],"hidden_modules":[],"created_at":"2023-08-21T19:44:55.621598+00:00","modified_at":"2023-08-21T19:44:55.621607+00:00","user_count":0,"link_count":0},"relationships":{"team_links":{"links":{"related":"/api/v2/team/3426dddc-405b-11ee-818a-da7ad0900002/links"}},"user_team_permissions":{"links":{"related":"/api/v2/team/3426dddc-405b-11ee-818a-da7ad0900002/permission-settings"}}}}}

        '
    headers:
      content-type:
      - application/json
    status:
      code: 201
      message: Created
- request:
    body: '{"data":{"attributes":{"value":"admins"},"type":"team_permission_settings"}}'
    headers:
      accept:
      - application/json
      content-type:
      - application/json
    method: PUT
    uri: https://api.datadoghq.com/api/v2/team/3426dddc-405b-11ee-818a-da7ad0900002/permission-settings/REPLACE.ME
  response:
    body:
      string: '{"errors":["Invalid action type \"REPLACE.ME\". Valid actions: manage_membership,
        edit not found"]}'
    headers:
      content-type:
      - application/json
    status:
      code: 404
      message: Not Found
- request:
    body: null
    headers:
      accept:
      - '*/*'
    method: DELETE
    uri: https://api.datadoghq.com/api/v2/team/3426dddc-405b-11ee-818a-da7ad0900002
  response:
    body:
      string: ''
    headers: {}
    status:
      code: 204
      message: No Content
version: 1
