interactions:
- request:
    body: '{"data":{"attributes":{"account_tags":["key:value"],"auth_config":{"role_name":"DatadogIntegrationRole"},"aws_account_id":"123456789012","aws_partition":"aws","aws_regions":{"include_only":["us-east-1"]},"logs_config":{"lambda_forwarder":{"lambdas":["arn:aws:lambda:us-east-1:123456789012:function:DatadogLambdaLogForwarder"],"sources":["s3"]}},"metrics_config":{"automute_enabled":true,"collect_cloudwatch_alarms":false,"collect_custom_metrics":false,"enabled":true,"namespace_filters":{"include_only":["AWS/EC2"]},"tag_filters":[{"namespace":"AWS/EC2","tags":["key:value"]}]},"resources_config":{"cloud_security_posture_management_collection":false,"extended_collection":false},"traces_config":{"xray_services":{"include_only":["AWS/AppSync"]}}},"type":"account"}}'
    headers:
      accept:
      - application/json
      content-type:
      - application/json
    method: POST
    uri: https://api.datadoghq.com/api/v2/integration/aws/accounts
  response:
    body:
      string: '{"data":{"id":"db6c660f-0ee0-4479-b1e6-936e5faa7266","type":"account","attributes":{"account_tags":["key:value"],"auth_config":{"role_name":"DatadogIntegrationRole","external_id":"f4c8000f33f94d25bcec9afd6609bb11"},"aws_account_id":"123456789012","aws_partition":"aws","aws_regions":{"include_only":["us-east-1"]},"created_at":"2024-11-06T18:44:52.646520994Z","logs_config":{"lambda_forwarder":{"lambdas":["arn:aws:lambda:us-east-1:123456789012:function:DatadogLambdaLogForwarder"],"sources":["s3"]}},"metrics_config":{"enabled":true,"automute_enabled":true,"collect_custom_metrics":false,"collect_cloudwatch_alarms":false,"tag_filters":[{"namespace":"AWS/EC2","tags":["key:value"]}],"namespace_filters":{"include_only":["AWS/EC2"]}},"modified_at":"2024-11-06T18:44:52.646525244Z","resources_config":{"cloud_security_posture_management_collection":false,"extended_collection":false},"traces_config":{"xray_services":{"include_only":["AWS/AppSync"]}}}}}'
    headers:
      content-type:
      - application/vnd.api+json
    status:
      code: 200
      message: OK
- request:
    body: null
    headers:
      accept:
      - application/json
    method: GET
    uri: https://api.datadoghq.com/api/v2/integration/aws/accounts/db6c660f-0ee0-4479-b1e6-936e5faa7266
  response:
    body:
      string: '{"data":{"id":"db6c660f-0ee0-4479-b1e6-936e5faa7266","type":"account","attributes":{"account_tags":["key:value"],"auth_config":{"role_name":"DatadogIntegrationRole","external_id":"f4c8000f33f94d25bcec9afd6609bb11"},"aws_account_id":"123456789012","aws_partition":"aws","aws_regions":{"include_only":["us-east-1"]},"created_at":"2024-11-06T18:44:52.646521Z","logs_config":{"lambda_forwarder":{"lambdas":["arn:aws:lambda:us-east-1:123456789012:function:DatadogLambdaLogForwarder"],"sources":["s3"]}},"metrics_config":{"enabled":true,"automute_enabled":true,"collect_custom_metrics":false,"collect_cloudwatch_alarms":false,"tag_filters":[{"namespace":"AWS/EC2","tags":["key:value"]}],"namespace_filters":{"include_only":["AWS/EC2"]}},"modified_at":"2024-11-06T18:44:52.646525Z","resources_config":{"cloud_security_posture_management_collection":false,"extended_collection":false},"traces_config":{"xray_services":{"include_only":["AWS/AppSync"]}}}}}'
    headers:
      content-type:
      - application/vnd.api+json
    status:
      code: 200
      message: OK
- request:
    body: null
    headers:
      accept:
      - '*/*'
    method: DELETE
    uri: https://api.datadoghq.com/api/v2/integration/aws/accounts/db6c660f-0ee0-4479-b1e6-936e5faa7266
  response:
    body:
      string: ''
    headers: {}
    status:
      code: 204
      message: No Content
version: 1
