interactions:
- request:
    body: '{"data":{"attributes":{"description":"Sample powerpack","group_widget":{"definition":{"layout_type":"ordered","show_title":true,"title":"Sample
      Powerpack","type":"group","widgets":[{"definition":{"content":"test","type":"note"}}]},"layout":{"height":3,"width":12,"x":0,"y":0},"live_span":"1h"},"name":"Test-Delete_a_powerpack_returns_OK_response-1698172332","tags":["tag:sample"],"template_variables":[{"defaults":["*"],"name":"sample"}]},"type":"powerpack"}}'
    headers:
      accept:
      - application/json
      content-type:
      - application/json
    method: POST
    uri: https://api.datadoghq.com/api/v2/powerpacks
  response:
    body:
      string: '{"data":{"type":"powerpack","id":"a5f45260-729b-11ee-a369-da7ad0900002","attributes":{"name":"Test-Delete_a_powerpack_returns_OK_response-1698172332","description":"Sample
        powerpack","group_widget":{"definition":{"layout_type":"ordered","show_title":true,"title":"Sample
        Powerpack","type":"group","widgets":[{"definition":{"content":"test","type":"note"},"id":6498721107839400}]},"layout":{"height":3,"width":12,"x":0,"y":0},"live_span":"1h"},"template_variables":[{"defaults":["*"],"name":"sample"}],"tags":["tag:sample"]},"relationships":{"author":{"data":{"type":"users","id":"9919ec9b-ebc7-49ee-8dc8-03626e717cca"}}}},"included":[{"type":"users","id":"9919ec9b-ebc7-49ee-8dc8-03626e717cca","attributes":{"name":"CI
        Account","email":"team-intg-tools-libs-spam@datadoghq.com"}}]}

        '
    headers:
      content-type:
      - application/json
    status:
      code: 200
      message: OK
- request:
    body: null
    headers:
      accept:
      - '*/*'
    method: DELETE
    uri: https://api.datadoghq.com/api/v2/powerpacks/a5f45260-729b-11ee-a369-da7ad0900002
  response:
    body:
      string: ''
    headers:
      content-type:
      - text/html; charset=utf-8
    status:
      code: 204
      message: No Content
- request:
    body: null
    headers:
      accept:
      - '*/*'
    method: DELETE
    uri: https://api.datadoghq.com/api/v2/powerpacks/a5f45260-729b-11ee-a369-da7ad0900002
  response:
    body:
      string: '{"errors":["Powerpack with ID a5f45260-729b-11ee-a369-da7ad0900002
        not found"]}'
    headers:
      content-type:
      - application/json
    status:
      code: 404
      message: Not Found
version: 1
