interactions:
- request:
    body: '{"data": {"attributes": {"name": "Test-test_get_a_role_returns_ok_response-1617953640.655947"},
      "type": "roles"}}'
    headers:
      Accept:
      - application/json
      Content-Type:
      - application/json
      Dd-Operation-Id:
      - CreateRole
      User-Agent:
      - datadog-api-client-python/1.0.0b8.dev27 (python 3.8.8; os Darwin; arch x86_64)
    method: POST
    uri: https://api.datadoghq.com/api/v2/roles
  response:
    body:
      string: '{"data":{"type":"roles","id":"f3fa50f8-9905-11eb-9ce8-da7ad0900002","attributes":{"name":"Test-test_get_a_role_returns_ok_response-1617953640.655947","created_at":"2021-04-09T07:34:01.207734+00:00","modified_at":"2021-04-09T07:34:01.207734+00:00"},"relationships":{"permissions":{"data":[{"type":"permissions","id":"d90f6830-d3d8-11e9-a77a-b3404e5e9ee2"},{"type":"permissions","id":"4441648c-d8b1-11e9-a77a-1b899a04b304"},{"type":"permissions","id":"417ba636-2dce-11eb-84c0-6bce5b0d9de0"}]}}}}'
    headers:
      Connection:
      - keep-alive
      Content-Length:
      - '493'
      Content-Type:
      - application/json
      Date:
      - Fri, 09 Apr 2021 07:34:01 GMT
      cache-control:
      - no-cache
      content-security-policy:
      - frame-ancestors 'self'; report-uri https://api.datadoghq.com/csp-report
      pragma:
      - no-cache
      strict-transport-security:
      - max-age=15724800;
      vary:
      - Accept-Encoding
      x-content-type-options:
      - nosniff
      x-dd-debug:
      - B1nwy/pPNqX+q4pQT22cdp1QCexE35IF8qwSHy0Nf7IW0Y881qtn4tXN1lpmzaKc
      x-dd-version:
      - '35.4272858'
      x-frame-options:
      - SAMEORIGIN
      x-ratelimit-limit:
      - '500'
      x-ratelimit-period:
      - '60'
      x-ratelimit-remaining:
      - '497'
      x-ratelimit-reset:
      - '59'
    status:
      code: 200
      message: OK
- request:
    body: null
    headers:
      Accept:
      - application/json
      Content-Type:
      - application/json
      Dd-Operation-Id:
      - GetRole
      User-Agent:
      - datadog-api-client-python/1.0.0b8.dev27 (python 3.8.8; os Darwin; arch x86_64)
    method: GET
    uri: https://api.datadoghq.com/api/v2/roles/f3fa50f8-9905-11eb-9ce8-da7ad0900002
  response:
    body:
      string: '{"data":{"type":"roles","id":"f3fa50f8-9905-11eb-9ce8-da7ad0900002","attributes":{"name":"Test-test_get_a_role_returns_ok_response-1617953640.655947","created_at":"2021-04-09T07:34:01.207734+00:00","modified_at":"2021-04-09T07:34:01.207734+00:00","user_count":0},"relationships":{"permissions":{"data":[{"type":"permissions","id":"d90f6830-d3d8-11e9-a77a-b3404e5e9ee2"},{"type":"permissions","id":"4441648c-d8b1-11e9-a77a-1b899a04b304"},{"type":"permissions","id":"417ba636-2dce-11eb-84c0-6bce5b0d9de0"}]}}}}'
    headers:
      Connection:
      - keep-alive
      Content-Length:
      - '508'
      Content-Type:
      - application/json
      Date:
      - Fri, 09 Apr 2021 07:34:01 GMT
      cache-control:
      - no-cache
      content-security-policy:
      - frame-ancestors 'self'; report-uri https://api.datadoghq.com/csp-report
      pragma:
      - no-cache
      strict-transport-security:
      - max-age=15724800;
      vary:
      - Accept-Encoding
      x-content-type-options:
      - nosniff
      x-dd-debug:
      - 25u1gDlL724DHllbjFT4BhOLorBTilh+aah2uWAUEjFC/+rjczJdiyWrV/HwLwe/
      x-dd-version:
      - '35.4272858'
      x-frame-options:
      - SAMEORIGIN
      x-ratelimit-limit:
      - '500'
      x-ratelimit-period:
      - '60'
      x-ratelimit-remaining:
      - '496'
      x-ratelimit-reset:
      - '59'
    status:
      code: 200
      message: OK
- request:
    body: null
    headers:
      Accept:
      - application/json
      Content-Type:
      - application/json
      Dd-Operation-Id:
      - DeleteRole
      User-Agent:
      - datadog-api-client-python/1.0.0b8.dev27 (python 3.8.8; os Darwin; arch x86_64)
    method: DELETE
    uri: https://api.datadoghq.com/api/v2/roles/f3fa50f8-9905-11eb-9ce8-da7ad0900002
  response:
    body:
      string: ''
    headers:
      Connection:
      - keep-alive
      Content-Length:
      - '0'
      Content-Type:
      - application/json
      Date:
      - Fri, 09 Apr 2021 07:34:02 GMT
      cache-control:
      - no-cache
      content-security-policy:
      - frame-ancestors 'self'; report-uri https://api.datadoghq.com/csp-report
      pragma:
      - no-cache
      strict-transport-security:
      - max-age=15724800;
      x-content-type-options:
      - nosniff
      x-dd-debug:
      - gYZcaADwbKcv7Hm19HJx6WsLoKuOijDWAt2viPeCfWqUgyKY+9e1xZdmMJeXV3YV
      x-dd-version:
      - '35.4272858'
      x-frame-options:
      - SAMEORIGIN
      x-ratelimit-limit:
      - '500'
      x-ratelimit-period:
      - '60'
      x-ratelimit-remaining:
      - '495'
      x-ratelimit-reset:
      - '58'
    status:
      code: 204
      message: No Content
version: 1
