interactions:
- request:
    body: '{"data":{"attributes":{"description":"My agent policy","enabled":true,"hostTags":["env:staging"],"name":"testupdateaworkloadprotectionpolicyreturnsbadrequestresponse1765469398"},"type":"policy"}}'
    headers:
      accept:
      - application/json
      content-type:
      - application/json
    method: POST
    uri: https://api.datadoghq.com/api/v2/remote_config/products/cws/policy
  response:
    body:
      string: '{"data":{"id":"gfx-iai-hwm","type":"policy","attributes":{"blockingRulesCount":0,"datadogManaged":false,"description":"My
        agent policy","disabledRulesCount":1,"enabled":true,"hostTagsLists":[["env:staging"]],"monitoringRulesCount":7,"name":"testupdateaworkloadprotectionpolicyreturnsbadrequestresponse1765469398","pinned":false,"policyVersion":"1","ruleCount":8,"updateDate":1765469398915,"updater":{"name":"frog","handle":"frog@datadoghq.com"}}}}'
    headers:
      content-type:
      - application/json
    status:
      code: 200
      message: OK
- request:
    body: '{"data":{"attributes":{"description":"My agent policy","enabled":true,"hostTags":["env:test"],"hostTagsLists":[["env:test"]],"name":""},"id":"gfx-iai-hwm","type":"policy"}}'
    headers:
      accept:
      - application/json
      content-type:
      - application/json
    method: PATCH
    uri: https://api.datadoghq.com/api/v2/remote_config/products/cws/policy/gfx-iai-hwm
  response:
    body:
      string: '{"errors":["input_validation_error(Field ''tags'' is invalid: cannot
        have both the new and the legacy field populated)"]}'
    headers:
      content-type:
      - application/json
    status:
      code: 400
      message: Bad Request
- request:
    body: null
    headers:
      accept:
      - '*/*'
    method: DELETE
    uri: https://api.datadoghq.com/api/v2/remote_config/products/cws/policy/gfx-iai-hwm
  response:
    body:
      string: ''
    headers:
      content-type:
      - application/json
    status:
      code: 204
      message: No Content
version: 1
