interactions:
- request:
    body: '{"data":{"attributes":{"description":"My agent policy","enabled":true,"hostTags":["env:staging"],"name":"testupdateacsmthreatsagentrulereturnsbadrequestresponse1744708211"},"type":"policy"}}'
    headers:
      accept:
      - application/json
      content-type:
      - application/json
    method: POST
    uri: https://api.datadoghq.com/api/v2/remote_config/products/cws/policy
  response:
    body:
      string: '{"data":{"id":"1i5-k3r-2dg","type":"policy","attributes":{"blockingRulesCount":0,"datadogManaged":false,"description":"My
        agent policy","disabledRulesCount":1,"enabled":true,"hostTags":["env:staging"],"monitoringRulesCount":225,"name":"testupdateacsmthreatsagentrulereturnsbadrequestresponse1744708211","policyVersion":"1","priority":1000000001,"ruleCount":226,"updateDate":1744708211304,"updater":{"name":"CI
        Account","handle":"9919ec9b-ebc7-49ee-8dc8-03626e717cca"}}}}'
    headers:
      content-type:
      - application/json
    status:
      code: 200
      message: OK
- request:
    body: '{"data":{"attributes":{"description":"My Agent rule","enabled":true,"expression":"exec.file.name
      == \"sh\"","name":"testupdateacsmthreatsagentrulereturnsbadrequestresponse1744708211","policy_id":"1i5-k3r-2dg","product_tags":["security:attack","technique:T1059"]},"type":"agent_rule"}}'
    headers:
      accept:
      - application/json
      content-type:
      - application/json
    method: POST
    uri: https://api.datadoghq.com/api/v2/remote_config/products/cws/agent_rules
  response:
    body:
      string: '{"data":{"id":"qtl-8mk-8gy","type":"agent_rule","attributes":{"category":"Process
        Activity","creationDate":1744708211716,"creator":{"name":"CI Account","handle":"9919ec9b-ebc7-49ee-8dc8-03626e717cca"},"defaultRule":false,"description":"My
        Agent rule","enabled":true,"expression":"exec.file.name == \"sh\"","filters":["os
        == \"linux\""],"name":"testupdateacsmthreatsagentrulereturnsbadrequestresponse1744708211","updateDate":1744708211716,"updater":{"name":"CI
        Account","handle":"9919ec9b-ebc7-49ee-8dc8-03626e717cca"}}}}'
    headers:
      content-type:
      - application/json
    status:
      code: 200
      message: OK
- request:
    body: '{"data":{"attributes":{"description":"My Agent rule","enabled":true,"expression":"exec.file.name
      == \"sh\"","policy_id":"1i5-k3r-2dg","product_tags":[]},"id":"invalid-agent-rule-id","type":"agent_rule"}}'
    headers:
      accept:
      - application/json
      content-type:
      - application/json
    method: PATCH
    uri: https://api.datadoghq.com/api/v2/remote_config/products/cws/agent_rules/qtl-8mk-8gy
  response:
    body:
      string: '{"errors":[{"title":"failed to update rule"}]}

        '
    headers:
      content-type:
      - application/json
    status:
      code: 400
      message: Bad Request
- request:
    body: null
    headers:
      accept:
      - '*/*'
    method: DELETE
    uri: https://api.datadoghq.com/api/v2/remote_config/products/cws/agent_rules/qtl-8mk-8gy
  response:
    body:
      string: ''
    headers:
      content-type:
      - application/json
    status:
      code: 204
      message: No Content
- request:
    body: null
    headers:
      accept:
      - '*/*'
    method: DELETE
    uri: https://api.datadoghq.com/api/v2/remote_config/products/cws/policy/1i5-k3r-2dg
  response:
    body:
      string: ''
    headers:
      content-type:
      - application/json
    status:
      code: 204
      message: No Content
version: 1
