interactions:
- request:
    body: '{"data":{"attributes":{"compute":{"aggregation_type":"distribution","include_percentiles":true,"path":"@duration"},"event_type":"session","filter":{"query":"source:Test-Delete_a_rum_based_metric_returns_No_Content_response-1732807880"},"group_by":[{"path":"@browser.name","tag_name":"browser_name"}],"uniqueness":{"when":"match"}},"id":"testdeletearumbasedmetricreturnsnocontentresponse1732807880","type":"rum_metrics"}}'
    headers:
      accept:
      - application/json
      content-type:
      - application/json
    method: POST
    uri: https://api.datadoghq.com/api/v2/rum/config/metrics
  response:
    body:
      string: '{"data":{"id":"testdeletearumbasedmetricreturnsnocontentresponse1732807880","type":"rum_metrics","attributes":{"compute":{"aggregation_type":"distribution","include_percentiles":true,"path":"@duration"},"event_type":"session","filter":{"query":"source:Test-Delete_a_rum_based_metric_returns_No_Content_response-1732807880"},"group_by":[{"path":"@browser.name","tag_name":"browser_name"}],"uniqueness":{"when":"match"}}}}'
    headers:
      content-type:
      - application/vnd.api+json
    status:
      code: 201
      message: Created
- request:
    body: null
    headers:
      accept:
      - '*/*'
    method: DELETE
    uri: https://api.datadoghq.com/api/v2/rum/config/metrics/testdeletearumbasedmetricreturnsnocontentresponse1732807880
  response:
    body:
      string: ''
    headers: {}
    status:
      code: 204
      message: No Content
- request:
    body: null
    headers:
      accept:
      - '*/*'
    method: DELETE
    uri: https://api.datadoghq.com/api/v2/rum/config/metrics/testdeletearumbasedmetricreturnsnocontentresponse1732807880
  response:
    body:
      string: '{"errors":[{"status":"404","title":"Not Found","detail":"not_found(Metric
        with name ''testdeletearumbasedmetricreturnsnocontentresponse1732807880''
        not found)"}]}'
    headers:
      content-type:
      - application/vnd.api+json
    status:
      code: 404
      message: Not Found
version: 1
