interactions:
- request:
    body: '{"data":{"attributes":{"account_tags":["key:value"],"auth_config":{"role_name":"DatadogIntegrationRole"},"aws_account_id":"123456789012","aws_partition":"aws","aws_regions":{"include_only":["us-east-1"]},"logs_config":{"lambda_forwarder":{"lambdas":["arn:aws:lambda:us-east-1:123456789012:function:DatadogLambdaLogForwarder"],"sources":["s3"]}},"metrics_config":{"automute_enabled":true,"collect_cloudwatch_alarms":false,"collect_custom_metrics":false,"enabled":true,"namespace_filters":{"include_only":["AWS/EC2"]},"tag_filters":[{"namespace":"AWS/EC2","tags":["key:value"]}]},"resources_config":{"cloud_security_posture_management_collection":false,"extended_collection":false},"traces_config":{"xray_services":{"include_only":["AWS/AppSync"]}}},"type":"account"}}'
    headers:
      accept:
      - application/json
      content-type:
      - application/json
    method: POST
    uri: https://api.datadoghq.com/api/v2/integration/aws/accounts
  response:
    body:
      string: '{"data":{"id":"3b040f61-03f8-4c7c-8511-68563f0c4881","type":"account","attributes":{"account_tags":["key:value"],"auth_config":{"role_name":"DatadogIntegrationRole","external_id":"1db0bd276e134b4fbe07e1cd0525ef50"},"aws_account_id":"123456789012","aws_partition":"aws","aws_regions":{"include_only":["us-east-1"]},"created_at":"2024-11-14T20:08:01.731532142Z","logs_config":{"lambda_forwarder":{"lambdas":["arn:aws:lambda:us-east-1:123456789012:function:DatadogLambdaLogForwarder"],"sources":["s3"]}},"metrics_config":{"enabled":true,"automute_enabled":true,"collect_custom_metrics":false,"collect_cloudwatch_alarms":false,"tag_filters":[{"namespace":"AWS/EC2","tags":["key:value"]}],"namespace_filters":{"include_only":["AWS/EC2"]}},"modified_at":"2024-11-14T20:08:01.731536786Z","resources_config":{"cloud_security_posture_management_collection":false,"extended_collection":false},"traces_config":{"xray_services":{"include_only":["AWS/AppSync"]}}}}}'
    headers:
      content-type:
      - application/vnd.api+json
    status:
      code: 200
      message: OK
- request:
    body: null
    headers:
      accept:
      - '*/*'
    method: DELETE
    uri: https://api.datadoghq.com/api/v2/integration/aws/accounts/448169a8-251c-4344-abee-1c4edef39f7a
  response:
    body:
      string: '{"errors":[{"status":"404","title":"Account not found","detail":"AWS
        account with provided id is not integrated"}]}'
    headers:
      content-type:
      - application/vnd.api+json
    status:
      code: 404
      message: Not Found
- request:
    body: null
    headers:
      accept:
      - '*/*'
    method: DELETE
    uri: https://api.datadoghq.com/api/v2/integration/aws/accounts/3b040f61-03f8-4c7c-8511-68563f0c4881
  response:
    body:
      string: ''
    headers: {}
    status:
      code: 204
      message: No Content
version: 1
